# Path: build/mpy-cross
# Arch: arm64
# Object files:
[  0] linker synthesized
[  1] /Users/mdahal01/Documents/GitHub/micropythonDS/mpy-cross/build/py/mpstate.o
[  2] /Users/mdahal01/Documents/GitHub/micropythonDS/mpy-cross/build/py/nlr.o
[  3] /Users/mdahal01/Documents/GitHub/micropythonDS/mpy-cross/build/py/nlraarch64.o
[  4] /Users/mdahal01/Documents/GitHub/micropythonDS/mpy-cross/build/py/malloc.o
[  5] /Users/mdahal01/Documents/GitHub/micropythonDS/mpy-cross/build/py/gc.o
[  6] /Users/mdahal01/Documents/GitHub/micropythonDS/mpy-cross/build/py/qstr.o
[  7] /Users/mdahal01/Documents/GitHub/micropythonDS/mpy-cross/build/py/vstr.o
[  8] /Users/mdahal01/Documents/GitHub/micropythonDS/mpy-cross/build/py/mpprint.o
[  9] /Users/mdahal01/Documents/GitHub/micropythonDS/mpy-cross/build/py/unicode.o
[ 10] /Users/mdahal01/Documents/GitHub/micropythonDS/mpy-cross/build/py/mpz.o
[ 11] /Users/mdahal01/Documents/GitHub/micropythonDS/mpy-cross/build/py/reader.o
[ 12] /Users/mdahal01/Documents/GitHub/micropythonDS/mpy-cross/build/py/lexer.o
[ 13] /Users/mdahal01/Documents/GitHub/micropythonDS/mpy-cross/build/py/parse.o
[ 14] /Users/mdahal01/Documents/GitHub/micropythonDS/mpy-cross/build/py/scope.o
[ 15] /Users/mdahal01/Documents/GitHub/micropythonDS/mpy-cross/build/py/compile.o
[ 16] /Users/mdahal01/Documents/GitHub/micropythonDS/mpy-cross/build/py/emitcommon.o
[ 17] /Users/mdahal01/Documents/GitHub/micropythonDS/mpy-cross/build/py/emitbc.o
[ 18] /Users/mdahal01/Documents/GitHub/micropythonDS/mpy-cross/build/py/asmbase.o
[ 19] /Users/mdahal01/Documents/GitHub/micropythonDS/mpy-cross/build/py/asmx64.o
[ 20] /Users/mdahal01/Documents/GitHub/micropythonDS/mpy-cross/build/py/emitnx64.o
[ 21] /Users/mdahal01/Documents/GitHub/micropythonDS/mpy-cross/build/py/asmx86.o
[ 22] /Users/mdahal01/Documents/GitHub/micropythonDS/mpy-cross/build/py/emitnx86.o
[ 23] /Users/mdahal01/Documents/GitHub/micropythonDS/mpy-cross/build/py/asmthumb.o
[ 24] /Users/mdahal01/Documents/GitHub/micropythonDS/mpy-cross/build/py/emitnthumb.o
[ 25] /Users/mdahal01/Documents/GitHub/micropythonDS/mpy-cross/build/py/emitinlinethumb.o
[ 26] /Users/mdahal01/Documents/GitHub/micropythonDS/mpy-cross/build/py/asmarm.o
[ 27] /Users/mdahal01/Documents/GitHub/micropythonDS/mpy-cross/build/py/emitnarm.o
[ 28] /Users/mdahal01/Documents/GitHub/micropythonDS/mpy-cross/build/py/asmxtensa.o
[ 29] /Users/mdahal01/Documents/GitHub/micropythonDS/mpy-cross/build/py/emitnxtensa.o
[ 30] /Users/mdahal01/Documents/GitHub/micropythonDS/mpy-cross/build/py/emitinlinextensa.o
[ 31] /Users/mdahal01/Documents/GitHub/micropythonDS/mpy-cross/build/py/emitnxtensawin.o
[ 32] /Users/mdahal01/Documents/GitHub/micropythonDS/mpy-cross/build/py/asmrv32.o
[ 33] /Users/mdahal01/Documents/GitHub/micropythonDS/mpy-cross/build/py/emitnrv32.o
[ 34] /Users/mdahal01/Documents/GitHub/micropythonDS/mpy-cross/build/py/emitinlinerv32.o
[ 35] /Users/mdahal01/Documents/GitHub/micropythonDS/mpy-cross/build/py/emitndebug.o
[ 36] /Users/mdahal01/Documents/GitHub/micropythonDS/mpy-cross/build/py/formatfloat.o
[ 37] /Users/mdahal01/Documents/GitHub/micropythonDS/mpy-cross/build/py/parsenumbase.o
[ 38] /Users/mdahal01/Documents/GitHub/micropythonDS/mpy-cross/build/py/parsenum.o
[ 39] /Users/mdahal01/Documents/GitHub/micropythonDS/mpy-cross/build/py/emitglue.o
[ 40] /Users/mdahal01/Documents/GitHub/micropythonDS/mpy-cross/build/py/persistentcode.o
[ 41] /Users/mdahal01/Documents/GitHub/micropythonDS/mpy-cross/build/py/runtime.o
[ 42] /Users/mdahal01/Documents/GitHub/micropythonDS/mpy-cross/build/py/runtime_utils.o
[ 43] /Users/mdahal01/Documents/GitHub/micropythonDS/mpy-cross/build/py/scheduler.o
[ 44] /Users/mdahal01/Documents/GitHub/micropythonDS/mpy-cross/build/py/nativeglue.o
[ 45] /Users/mdahal01/Documents/GitHub/micropythonDS/mpy-cross/build/py/pairheap.o
[ 46] /Users/mdahal01/Documents/GitHub/micropythonDS/mpy-cross/build/py/ringbuf.o
[ 47] /Users/mdahal01/Documents/GitHub/micropythonDS/mpy-cross/build/py/cstack.o
[ 48] /Users/mdahal01/Documents/GitHub/micropythonDS/mpy-cross/build/py/stackctrl.o
[ 49] /Users/mdahal01/Documents/GitHub/micropythonDS/mpy-cross/build/py/argcheck.o
[ 50] /Users/mdahal01/Documents/GitHub/micropythonDS/mpy-cross/build/py/warning.o
[ 51] /Users/mdahal01/Documents/GitHub/micropythonDS/mpy-cross/build/py/map.o
[ 52] /Users/mdahal01/Documents/GitHub/micropythonDS/mpy-cross/build/py/obj.o
[ 53] /Users/mdahal01/Documents/GitHub/micropythonDS/mpy-cross/build/py/objarray.o
[ 54] /Users/mdahal01/Documents/GitHub/micropythonDS/mpy-cross/build/py/objbool.o
[ 55] /Users/mdahal01/Documents/GitHub/micropythonDS/mpy-cross/build/py/objboundmeth.o
[ 56] /Users/mdahal01/Documents/GitHub/micropythonDS/mpy-cross/build/py/objcell.o
[ 57] /Users/mdahal01/Documents/GitHub/micropythonDS/mpy-cross/build/py/objclosure.o
[ 58] /Users/mdahal01/Documents/GitHub/micropythonDS/mpy-cross/build/py/objcomplex.o
[ 59] /Users/mdahal01/Documents/GitHub/micropythonDS/mpy-cross/build/py/objdict.o
[ 60] /Users/mdahal01/Documents/GitHub/micropythonDS/mpy-cross/build/py/objenumerate.o
[ 61] /Users/mdahal01/Documents/GitHub/micropythonDS/mpy-cross/build/py/objexcept.o
[ 62] /Users/mdahal01/Documents/GitHub/micropythonDS/mpy-cross/build/py/objfilter.o
[ 63] /Users/mdahal01/Documents/GitHub/micropythonDS/mpy-cross/build/py/objfloat.o
[ 64] /Users/mdahal01/Documents/GitHub/micropythonDS/mpy-cross/build/py/objfun.o
[ 65] /Users/mdahal01/Documents/GitHub/micropythonDS/mpy-cross/build/py/objgenerator.o
[ 66] /Users/mdahal01/Documents/GitHub/micropythonDS/mpy-cross/build/py/objgetitemiter.o
[ 67] /Users/mdahal01/Documents/GitHub/micropythonDS/mpy-cross/build/py/objint.o
[ 68] /Users/mdahal01/Documents/GitHub/micropythonDS/mpy-cross/build/py/objint_mpz.o
[ 69] /Users/mdahal01/Documents/GitHub/micropythonDS/mpy-cross/build/py/objlist.o
[ 70] /Users/mdahal01/Documents/GitHub/micropythonDS/mpy-cross/build/py/objmap.o
[ 71] /Users/mdahal01/Documents/GitHub/micropythonDS/mpy-cross/build/py/objmodule.o
[ 72] /Users/mdahal01/Documents/GitHub/micropythonDS/mpy-cross/build/py/objobject.o
[ 73] /Users/mdahal01/Documents/GitHub/micropythonDS/mpy-cross/build/py/objpolyiter.o
[ 74] /Users/mdahal01/Documents/GitHub/micropythonDS/mpy-cross/build/py/objproperty.o
[ 75] /Users/mdahal01/Documents/GitHub/micropythonDS/mpy-cross/build/py/objnone.o
[ 76] /Users/mdahal01/Documents/GitHub/micropythonDS/mpy-cross/build/py/objrange.o
[ 77] /Users/mdahal01/Documents/GitHub/micropythonDS/mpy-cross/build/py/objreversed.o
[ 78] /Users/mdahal01/Documents/GitHub/micropythonDS/mpy-cross/build/py/objset.o
[ 79] /Users/mdahal01/Documents/GitHub/micropythonDS/mpy-cross/build/py/objsingleton.o
[ 80] /Users/mdahal01/Documents/GitHub/micropythonDS/mpy-cross/build/py/objslice.o
[ 81] /Users/mdahal01/Documents/GitHub/micropythonDS/mpy-cross/build/py/objstr.o
[ 82] /Users/mdahal01/Documents/GitHub/micropythonDS/mpy-cross/build/py/objstrunicode.o
[ 83] /Users/mdahal01/Documents/GitHub/micropythonDS/mpy-cross/build/py/objtuple.o
[ 84] /Users/mdahal01/Documents/GitHub/micropythonDS/mpy-cross/build/py/objtype.o
[ 85] /Users/mdahal01/Documents/GitHub/micropythonDS/mpy-cross/build/py/objzip.o
[ 86] /Users/mdahal01/Documents/GitHub/micropythonDS/mpy-cross/build/py/opmethods.o
[ 87] /Users/mdahal01/Documents/GitHub/micropythonDS/mpy-cross/build/py/sequence.o
[ 88] /Users/mdahal01/Documents/GitHub/micropythonDS/mpy-cross/build/py/stream.o
[ 89] /Users/mdahal01/Documents/GitHub/micropythonDS/mpy-cross/build/py/binary.o
[ 90] /Users/mdahal01/Documents/GitHub/micropythonDS/mpy-cross/build/py/builtinimport.o
[ 91] /Users/mdahal01/Documents/GitHub/micropythonDS/mpy-cross/build/py/builtinevex.o
[ 92] /Users/mdahal01/Documents/GitHub/micropythonDS/mpy-cross/build/py/modbuiltins.o
[ 93] /Users/mdahal01/Documents/GitHub/micropythonDS/mpy-cross/build/py/modmicropython.o
[ 94] /Users/mdahal01/Documents/GitHub/micropythonDS/mpy-cross/build/py/modstruct.o
[ 95] /Users/mdahal01/Documents/GitHub/micropythonDS/mpy-cross/build/py/vm.o
[ 96] /Users/mdahal01/Documents/GitHub/micropythonDS/mpy-cross/build/py/bc.o
[ 97] /Users/mdahal01/Documents/GitHub/micropythonDS/mpy-cross/build/py/smallint.o
[ 98] /Users/mdahal01/Documents/GitHub/micropythonDS/mpy-cross/build/main.o
[ 99] /Users/mdahal01/Documents/GitHub/micropythonDS/mpy-cross/build/gccollect.o
[100] /Users/mdahal01/Documents/GitHub/micropythonDS/mpy-cross/build/shared/runtime/gchelper_generic.o
[101] /Library/Developer/CommandLineTools/SDKs/MacOSX15.0.sdk/usr/lib/system/libcompiler_rt.tbd
[102] /Library/Developer/CommandLineTools/SDKs/MacOSX15.0.sdk/usr/lib/system/libsystem_c.tbd
[103] /Library/Developer/CommandLineTools/SDKs/MacOSX15.0.sdk/usr/lib/system/libsystem_kernel.tbd
[104] /Library/Developer/CommandLineTools/SDKs/MacOSX15.0.sdk/usr/lib/system/libsystem_m.tbd
[105] /Library/Developer/CommandLineTools/SDKs/MacOSX15.0.sdk/usr/lib/system/libsystem_malloc.tbd
[106] /Library/Developer/CommandLineTools/SDKs/MacOSX15.0.sdk/usr/lib/system/libsystem_platform.tbd
# Sections:
# Address	Size    	Segment	Section
0x1000012F4	0x000562AC	__TEXT	__text
0x1000575A0	0x00000180	__TEXT	__stubs
0x100057720	0x000018D7	__TEXT	__const
0x100058FF7	0x00005E37	__TEXT	__cstring
0x10005EE30	0x000011D0	__TEXT	__unwind_info
0x100060000	0x00000118	__DATA_CONST	__got
0x100060118	0x00003FF0	__DATA_CONST	__const
0x100068000	0x00000008	__DATA	__data
0x100068008	0x00000340	__DATA	__common
0x100068348	0x00000004	__DATA	__bss
# Symbols:
# Address	Size    	File  Name
0x1000012F4	0x0000001C	[  2] _nlr_push_tail
0x100001310	0x00000018	[  2] _nlr_pop
0x100001328	0x00000018	[  2] _nlr_push_jump_callback
0x100001340	0x00000028	[  2] _nlr_pop_jump_callback
0x100001368	0x00000048	[  2] _nlr_call_jump_callbacks
0x1000013B0	0x00000024	[  3] _nlr_push
0x1000013D4	0x00000068	[  3] _nlr_jump
0x10000143C	0x00000034	[  4] _m_malloc
0x100001470	0x00000008	[  4] _m_malloc_maybe
0x100001478	0x00000004	[  4] _m_malloc0
0x10000147C	0x00000034	[  4] _m_realloc
0x1000014B0	0x00000004	[  4] _m_realloc_maybe
0x1000014B4	0x00000004	[  4] _m_free
0x1000014B8	0x00000074	[  5] _gc_init
0x10000152C	0x00000018	[  5] _gc_is_locked
0x100001544	0x000000A8	[  5] _gc_collect_start
0x1000015EC	0x000000BC	[  5] _gc_collect_root
0x1000016A8	0x00000130	[  5] _gc_mark_subtree
0x1000017D8	0x0000023C	[  5] _gc_collect_end
0x100001A14	0x0000022C	[  5] _gc_alloc
0x100001C40	0x000000CC	[  5] _gc_free
0x100001D0C	0x000002A0	[  5] _gc_realloc
0x100001FAC	0x0000003C	[  6] _qstr_compute_hash
0x100001FE8	0x0000001C	[  6] _qstr_init
0x100002004	0x00000154	[  6] _qstr_find_strn
0x100002158	0x00000028	[  6] _qstr_from_str
0x100002180	0x000001FC	[  6] _qstr_from_strn
0x10000237C	0x00000030	[  6] _qstr_hash
0x1000023AC	0x0000004C	[  6] _find_qstr
0x1000023F8	0x00000030	[  6] _qstr_len
0x100002428	0x00000030	[  6] _qstr_str
0x100002458	0x00000048	[  6] _qstr_data
0x1000024A0	0x00000034	[  7] _vstr_init
0x1000024D4	0x00000040	[  7] _vstr_init_len
0x100002514	0x00000044	[  7] _vstr_init_print
0x100002558	0x00000054	[  7] _vstr_add_strn
0x1000025AC	0x00000030	[  7] _vstr_clear
0x1000025DC	0x00000060	[  7] _vstr_extend
0x10000263C	0x00000064	[  7] _vstr_ensure_extra
0x1000026A0	0x00000034	[  7] _vstr_add_len
0x1000026D4	0x00000044	[  7] _vstr_null_terminated_str
0x100002718	0x00000038	[  7] _vstr_add_byte
0x100002750	0x0000012C	[  7] _vstr_add_char
0x10000287C	0x00000060	[  7] _vstr_add_str
0x1000028DC	0x00000014	[  7] _vstr_cut_tail_bytes
0x1000028F0	0x00000038	[  7] _vstr_printf
0x100002928	0x0000004C	[  8] _mp_print_str
0x100002974	0x00000144	[  8] _mp_print_strn
0x100002AB8	0x000003DC	[  8] _mp_print_mp_int
0x100002E94	0x00000120	[  8] _mp_print_float
0x100002FB4	0x00000028	[  8] _mp_printf
0x100002FDC	0x00000468	[  8] _mp_vprintf
0x100003444	0x000001A0	[  8] _mp_print_int
0x1000035E4	0x00000064	[  9] _utf8_get_char
0x100003648	0x00000014	[  9] _utf8_next_char
0x10000365C	0x00000034	[  9] _utf8_ptr_to_index
0x100003690	0x00000038	[  9] _utf8_charlen
0x1000036C8	0x00000024	[  9] _unichar_isspace
0x1000036EC	0x00000024	[  9] _unichar_isalpha
0x100003710	0x00000018	[  9] _unichar_isdigit
0x100003728	0x00000024	[  9] _unichar_isxdigit
0x10000374C	0x00000018	[  9] _unichar_isupper
0x100003764	0x00000018	[  9] _unichar_islower
0x10000377C	0x00000020	[  9] _unichar_tolower
0x10000379C	0x00000020	[  9] _unichar_toupper
0x1000037BC	0x00000018	[  9] _unichar_xdigit_value
0x1000037D4	0x00000088	[  9] _utf8_check
0x10000385C	0x0000000C	[ 10] _mpz_init_zero
0x100003868	0x00000070	[ 10] _mpz_set_from_int
0x1000038D8	0x00000018	[ 10] _mpz_init_fixed_from_int
0x1000038F0	0x00000018	[ 10] _mpz_deinit
0x100003908	0x0000004C	[ 10] _mpz_set
0x100003954	0x00000060	[ 10] _mpz_need_dig
0x1000039B4	0x00000084	[ 10] _mpz_set_from_ll
0x100003A38	0x0000013C	[ 10] _mpz_set_from_float
0x100003B74	0x00000124	[ 10] _mpz_set_from_str
0x100003C98	0x0000010C	[ 10] _mpz_set_from_bytes
0x100003DA4	0x00000084	[ 10] _mpz_cmp
0x100003E28	0x00000038	[ 10] _mpz_abs_inpl
0x100003E60	0x00000040	[ 10] _mpz_neg_inpl
0x100003EA0	0x000000D0	[ 10] _mpz_not_inpl
0x100003F70	0x0000007C	[ 10] _mpn_sub
0x100003FEC	0x0000006C	[ 10] _mpn_add
0x100004058	0x00000118	[ 10] _mpz_shl_inpl
0x100004170	0x00000130	[ 10] _mpz_shr_inpl
0x1000042A0	0x00000074	[ 10] _mpn_shr
0x100004314	0x000000FC	[ 10] _mpz_add_inpl
0x100004410	0x00000120	[ 10] _mpz_sub_inpl
0x100004530	0x00000160	[ 10] _mpz_and_inpl
0x100004690	0x00000154	[ 10] _mpz_or_inpl
0x1000047E4	0x0000014C	[ 10] _mpz_xor_inpl
0x100004930	0x00000160	[ 10] _mpz_mul_inpl
0x100004A90	0x0000008C	[ 10] _mpz_clone
0x100004B1C	0x00000030	[ 10] _mpz_free
0x100004B4C	0x00000144	[ 10] _mpz_pow_inpl
0x100004C90	0x000003A0	[ 10] _mpz_divmod_inpl
0x100005030	0x00000040	[ 10] _mpz_hash
0x100005070	0x00000058	[ 10] _mpz_as_int_checked
0x1000050C8	0x00000130	[ 10] _mpz_as_bytes
0x1000051F8	0x00000050	[ 10] _mpz_as_float
0x100005248	0x000001E0	[ 10] _mpz_as_str_inpl
0x100005428	0x00000090	[ 11] _mp_reader_new_file_from_fd
0x1000054B8	0x0000006C	[ 11] _mp_reader_posix_readbyte
0x100005524	0x00000030	[ 11] _mp_reader_posix_close
0x100005554	0x0000006C	[ 11] _mp_reader_new_file
0x1000055C0	0x00000ADC	[ 12] _mp_lexer_to_next
0x10000609C	0x000000A8	[ 12] _skip_whitespace
0x100006144	0x000000A4	[ 12] _is_string_or_bytes
0x1000061E8	0x00000118	[ 12] _next_char
0x100006300	0x000000E0	[ 12] _mp_lexer_new
0x1000063E0	0x0000004C	[ 12] _mp_lexer_new_from_file
0x10000642C	0x00000048	[ 12] _mp_lexer_new_from_fd
0x100006474	0x0000004C	[ 12] _mp_lexer_free
0x1000064C0	0x00000068	[ 13] _mp_parse_node_get_int_maybe
0x100006528	0x00000008	[ 13] _mp_parse_node_is_const_false
0x100006530	0x0000003C	[ 13] _parse_node_is_const_bool
0x10000656C	0x00000008	[ 13] _mp_parse_node_is_const_true
0x100006574	0x00000044	[ 13] _mp_parse_node_extract_list
0x1000065B8	0x00000740	[ 13] _mp_parse
0x100006CF8	0x00000070	[ 13] _push_rule
0x100006D68	0x00000150	[ 13] _push_result_token
0x100006EB8	0x00000034	[ 13] _push_rule_from_arg
0x100006EEC	0x00000058	[ 13] _push_result_node
0x100006F44	0x0000002C	[ 13] _pop_result
0x100006F70	0x0000088C	[ 13] _push_result_rule
0x1000077FC	0x00000038	[ 13] _mp_parse_tree_clear
0x100007834	0x00000070	[ 13] _mp_parse_node_is_const
0x1000078A4	0x0000011C	[ 13] _mp_parse_node_convert_to_obj
0x1000079C0	0x00000068	[ 13] _make_node_const_object_optimised
0x100007A28	0x000000C0	[ 13] _parser_alloc
0x100007AE8	0x00000034	[ 13] _peek_rule
0x100007B1C	0x00000120	[ 13] _build_tuple_from_stack
0x100007C3C	0x00000008	[ 13] _OUTLINED_FUNCTION_0
0x100007C44	0x000000A0	[ 14] _scope_new
0x100007CE4	0x00000028	[ 14] _scope_free
0x100007D0C	0x000000A8	[ 14] _scope_find_or_add_id
0x100007DB4	0x0000002C	[ 14] _scope_find
0x100007DE0	0x00000038	[ 14] _scope_find_global
0x100007E18	0x000000DC	[ 14] _scope_check_to_close_over
0x100007EF4	0x0000071C	[ 15] _mp_compile_to_raw_code
0x100008610	0x0000046C	[ 15] _compile_scope_inline_asm
0x100008A7C	0x000004B8	[ 15] _compile_scope
0x100008F34	0x00000058	[ 15] _compile_syntax_error
0x100008F8C	0x000000D0	[ 15] _compile_node
0x10000905C	0x00000090	[ 15] _apply_to_single_or_list
0x1000090EC	0x00000088	[ 15] _compile_viper_type_annotation
0x100009174	0x00000034	[ 15] _compile_load_id
0x1000091A8	0x0000017C	[ 15] _compile_scope_comp_iter
0x100009324	0x00000030	[ 15] _compile_store_id
0x100009354	0x00000080	[ 15] _compile_generic_all_nodes
0x1000093D4	0x000002D0	[ 15] _compile_decorated
0x1000096A4	0x00000030	[ 15] _compile_funcdef
0x1000096D4	0x0000035C	[ 15] _compile_expr_stmt
0x100009A30	0x00000064	[ 15] _compile_generic_tuple
0x100009A94	0x00000014	[ 15] _compile_del_stmt
0x100009AA8	0x00000074	[ 15] _compile_break_cont_stmt
0x100009B1C	0x000000EC	[ 15] _compile_return_stmt
0x100009C08	0x0000002C	[ 15] _compile_yield_stmt
0x100009C34	0x0000007C	[ 15] _compile_raise_stmt
0x100009CB0	0x00000014	[ 15] _compile_import_name
0x100009CC4	0x0000028C	[ 15] _compile_import_from
0x100009F50	0x000000E0	[ 15] _compile_global_nonlocal_stmt
0x10000A030	0x000000BC	[ 15] _compile_assert_stmt
0x10000A0EC	0x00000380	[ 15] _compile_async_stmt
0x10000A46C	0x00000190	[ 15] _compile_if_stmt
0x10000A5FC	0x000000FC	[ 15] _compile_while_stmt
0x10000A6F8	0x00000248	[ 15] _compile_for_stmt
0x10000A940	0x000000EC	[ 15] _compile_try_stmt
0x10000AA2C	0x00000054	[ 15] _compile_with_stmt
0x10000AA80	0x0000000C	[ 15] _compile_namedexpr
0x10000AA8C	0x000000C8	[ 15] _compile_test_if_expr
0x10000AB54	0x00000084	[ 15] _compile_lambdef
0x10000ABD8	0x00000098	[ 15] _compile_or_and_test
0x10000AC70	0x00000030	[ 15] _compile_not_test_2
0x10000ACA0	0x000001E8	[ 15] _compile_comparison
0x10000AE88	0x0000000C	[ 15] _compile_star_expr
0x10000AE94	0x00000074	[ 15] _compile_binary_op
0x10000AF08	0x00000084	[ 15] _compile_term
0x10000AF8C	0x0000005C	[ 15] _compile_factor_2
0x10000AFE8	0x0000002C	[ 15] _compile_power
0x10000B014	0x00000054	[ 15] _compile_atom_expr_await
0x10000B068	0x000001F4	[ 15] _compile_atom_expr_normal
0x10000B25C	0x00000080	[ 15] _compile_atom_paren
0x10000B2DC	0x000000CC	[ 15] _compile_atom_bracket
0x10000B3A8	0x00000294	[ 15] _compile_atom_brace
0x10000B63C	0x00000010	[ 15] _compile_trailer_paren
0x10000B64C	0x00000030	[ 15] _compile_trailer_bracket
0x10000B67C	0x00000018	[ 15] _compile_trailer_period
0x10000B694	0x00000134	[ 15] _compile_subscript
0x10000B7C8	0x00000030	[ 15] _compile_dictorsetmaker_item
0x10000B7F8	0x00000030	[ 15] _compile_classdef
0x10000B828	0x000000C8	[ 15] _compile_yield_expr
0x10000B8F0	0x00000010	[ 15] _compile_const_object
0x10000B900	0x00000090	[ 15] _compile_funcdef_helper
0x10000B990	0x000000D0	[ 15] _compile_classdef_helper
0x10000BA60	0x000000BC	[ 15] _compile_funcdef_lambdef
0x10000BB1C	0x0000015C	[ 15] _compile_funcdef_lambdef_param
0x10000BC78	0x0000016C	[ 15] _close_over_variables_etc
0x10000BDE4	0x00000234	[ 15] _compile_trailer_paren_helper
0x10000C018	0x000000FC	[ 15] _compile_namedexpr_helper
0x10000C114	0x000000FC	[ 15] _compile_comprehension
0x10000C210	0x000000C4	[ 15] _compile_declare_global_or_nonlocal
0x10000C2D4	0x00000338	[ 15] _c_assign
0x10000C60C	0x00000118	[ 15] _c_assign_tuple
0x10000C724	0x00000208	[ 15] _c_del_stmt
0x10000C92C	0x00000030	[ 15] _compile_delete_id
0x10000C95C	0x000001C8	[ 15] _c_if_cond
0x10000CB24	0x00000060	[ 15] _compile_dotted_as_name
0x10000CB84	0x00000264	[ 15] _do_import_name
0x10000CDE8	0x00000058	[ 15] _compile_decrease_except_level
0x10000CE40	0x00000068	[ 15] _compile_yield_from
0x10000CEA8	0x00000394	[ 15] _compile_async_with_stmt_helper
0x10000D23C	0x0000027C	[ 15] _compile_for_stmt_optimised_range
0x10000D4B8	0x0000012C	[ 15] _compile_try_finally
0x10000D5E4	0x00000318	[ 15] _compile_try_except
0x10000D8FC	0x00000168	[ 15] _compile_with_stmt_helper
0x10000DA64	0x000001F0	[ 15] _compile_scope_func_lambda_param
0x10000DC54	0x00000050	[ 16] _mp_emit_common_use_qstr
0x10000DCA4	0x00000070	[ 16] _mp_emit_common_use_const_obj
0x10000DD14	0x000000D8	[ 16] _strictly_equal
0x10000DDEC	0x00000048	[ 16] _mp_emit_common_get_id_for_modification
0x10000DE34	0x000000CC	[ 16] _mp_emit_common_id_op
0x10000DF00	0x00000028	[ 17] _emit_bc_new
0x10000DF28	0x0000002C	[ 17] _emit_bc_set_max_num_labels
0x10000DF54	0x00000028	[ 17] _emit_bc_free
0x10000DF7C	0x00000254	[ 17] _mp_emit_bc_start_pass
0x10000E1D0	0x0000016C	[ 17] _mp_emit_bc_end_pass
0x10000E33C	0x00000044	[ 17] _mp_emit_bc_adjust_stack_size
0x10000E380	0x00000108	[ 17] _mp_emit_bc_set_source_line
0x10000E488	0x00000054	[ 17] _mp_emit_bc_label_assign
0x10000E4DC	0x00000080	[ 17] _mp_emit_bc_import
0x10000E55C	0x00000070	[ 17] _mp_emit_bc_load_const_tok
0x10000E5CC	0x0000015C	[ 17] _mp_emit_bc_load_const_small_int
0x10000E728	0x00000034	[ 17] _mp_emit_bc_load_const_str
0x10000E75C	0x00000034	[ 17] _mp_emit_bc_load_const_obj
0x10000E790	0x00000038	[ 17] _mp_emit_bc_load_null
0x10000E7C8	0x0000006C	[ 17] _mp_emit_bc_load_local
0x10000E834	0x00000054	[ 17] _emit_write_bytecode_byte_uint
0x10000E888	0x00000038	[ 17] _mp_emit_bc_load_global
0x10000E8C0	0x00000044	[ 17] _mp_emit_bc_load_method
0x10000E904	0x00000038	[ 17] _mp_emit_bc_load_build_class
0x10000E93C	0x00000094	[ 17] _mp_emit_bc_subscr
0x10000E9D0	0x00000038	[ 17] _mp_emit_bc_rot_three
0x10000EA08	0x000000A8	[ 17] _mp_emit_bc_attr
0x10000EAB0	0x00000038	[ 17] _mp_emit_bc_rot_two
0x10000EAE8	0x0000006C	[ 17] _mp_emit_bc_store_local
0x10000EB54	0x00000038	[ 17] _mp_emit_bc_store_global
0x10000EB8C	0x00000018	[ 17] _mp_emit_bc_delete_local
0x10000EBA4	0x00000038	[ 17] _mp_emit_bc_delete_global
0x10000EBDC	0x00000038	[ 17] _mp_emit_bc_dup_top
0x10000EC14	0x00000038	[ 17] _mp_emit_bc_dup_top_two
0x10000EC4C	0x00000038	[ 17] _mp_emit_bc_pop_top
0x10000EC84	0x00000034	[ 17] _mp_emit_bc_jump
0x10000ECB8	0x00000110	[ 17] _emit_write_bytecode_byte_label
0x10000EDC8	0x00000018	[ 17] _mp_emit_bc_pop_jump_if
0x10000EDE0	0x00000018	[ 17] _mp_emit_bc_jump_if_or_pop
0x10000EDF8	0x000000B4	[ 17] _mp_emit_bc_unwind_jump
0x10000EEAC	0x0000001C	[ 17] _mp_emit_bc_setup_block
0x10000EEC8	0x00000070	[ 17] _mp_emit_bc_with_cleanup
0x10000EF38	0x0000010C	[ 17] _mp_emit_bc_async_with_setup_finally
0x10000F044	0x00000080	[ 17] _mp_emit_bc_binary_op
0x10000F0C4	0x00000038	[ 17] _mp_emit_bc_end_finally
0x10000F0FC	0x00000044	[ 17] _mp_emit_bc_get_iter
0x10000F140	0x00000010	[ 17] _mp_emit_bc_for_iter
0x10000F150	0x00000008	[ 17] _mp_emit_bc_for_iter_end
0x10000F158	0x00000034	[ 17] _mp_emit_bc_pop_except_jump
0x10000F18C	0x00000038	[ 17] _mp_emit_bc_unary_op
0x10000F1C4	0x00000020	[ 17] _mp_emit_bc_build
0x10000F1E4	0x00000038	[ 17] _mp_emit_bc_store_map
0x10000F21C	0x00000034	[ 17] _mp_emit_bc_store_comp
0x10000F250	0x00000010	[ 17] _mp_emit_bc_unpack_sequence
0x10000F260	0x00000014	[ 17] _mp_emit_bc_unpack_ex
0x10000F274	0x00000028	[ 17] _mp_emit_bc_make_function
0x10000F29C	0x00000034	[ 17] _emit_write_bytecode_byte_child
0x10000F2D0	0x00000078	[ 17] _mp_emit_bc_make_closure
0x10000F348	0x00000018	[ 17] _mp_emit_bc_call_function
0x10000F360	0x00000030	[ 17] _emit_bc_call_function_method_helper
0x10000F390	0x00000018	[ 17] _mp_emit_bc_call_method
0x10000F3A8	0x00000040	[ 17] _mp_emit_bc_return_value
0x10000F3E8	0x00000058	[ 17] _mp_emit_bc_raise_varargs
0x10000F440	0x0000004C	[ 17] _mp_emit_bc_yield
0x10000F48C	0x00000008	[ 17] _mp_emit_bc_start_except_handler
0x10000F494	0x00000008	[ 17] _mp_emit_bc_end_except_handler
0x10000F49C	0x00000048	[ 17] _emit_get_cur_to_write_code_info
0x10000F4E4	0x00000058	[ 17] _emit_get_cur_to_write_bytecode
0x10000F53C	0x0000002C	[ 18] _mp_asm_base_init
0x10000F568	0x0000002C	[ 18] _mp_asm_base_deinit
0x10000F594	0x00000060	[ 18] _mp_asm_base_start_pass
0x10000F5F4	0x0000005C	[ 18] _mp_asm_base_get_cur_to_write_bytes
0x10000F650	0x00000094	[ 18] _mp_asm_base_label_assign
0x10000F6E4	0x0000001C	[ 18] _mp_asm_base_align
0x10000F700	0x00000044	[ 18] _mp_asm_base_data
0x10000F744	0x00000008	[ 19] _asm_x64_mov_r64_r64
0x10000F74C	0x00000064	[ 19] _asm_x64_generic_r64_r64
0x10000F7B0	0x00000090	[ 19] _asm_x64_mov_r8_to_mem8
0x10000F840	0x000000F0	[ 19] _asm_x64_write_r64_disp
0x10000F930	0x000000A4	[ 19] _asm_x64_mov_r16_to_mem16
0x10000F9D4	0x00000090	[ 19] _asm_x64_mov_r32_to_mem32
0x10000FA64	0x0000006C	[ 19] _asm_x64_mov_r64_to_mem64
0x10000FAD0	0x000000A4	[ 19] _asm_x64_mov_mem8_to_r64zx
0x10000FB74	0x000000A4	[ 19] _asm_x64_mov_mem16_to_r64zx
0x10000FC18	0x00000090	[ 19] _asm_x64_mov_mem32_to_r64zx
0x10000FCA8	0x0000006C	[ 19] _asm_x64_mov_mem64_to_r64
0x10000FD14	0x0000008C	[ 19] _asm_x64_mov_i32_to_r64
0x10000FDA0	0x0000006C	[ 19] _asm_x64_mov_i64_to_r64
0x10000FE0C	0x00000010	[ 19] _asm_x64_mov_i64_to_r64_optimised
0x10000FE1C	0x00000048	[ 19] _asm_x64_not_r64
0x10000FE64	0x00000048	[ 19] _asm_x64_neg_r64
0x10000FEAC	0x00000008	[ 19] _asm_x64_and_r64_r64
0x10000FEB4	0x00000008	[ 19] _asm_x64_or_r64_r64
0x10000FEBC	0x00000008	[ 19] _asm_x64_xor_r64_r64
0x10000FEC4	0x00000048	[ 19] _asm_x64_shl_r64_cl
0x10000FF0C	0x00000048	[ 19] _asm_x64_shr_r64_cl
0x10000FF54	0x00000044	[ 19] _asm_x64_sar_r64_cl
0x10000FF98	0x00000008	[ 19] _asm_x64_add_r64_r64
0x10000FFA0	0x00000008	[ 19] _asm_x64_sub_r64_r64
0x10000FFA8	0x00000074	[ 19] _asm_x64_mul_r64_r64
0x10001001C	0x00000014	[ 19] _asm_x64_cmp_r64_with_r64
0x100010030	0x00000058	[ 19] _asm_x64_test_r8_with_r8
0x100010088	0x00000014	[ 19] _asm_x64_test_r64_with_r64
0x10001009C	0x00000058	[ 19] _asm_x64_setcc_r8
0x1000100F4	0x00000048	[ 19] _asm_x64_jmp_reg
0x10001013C	0x000000B4	[ 19] _asm_x64_jmp_label
0x1000101F0	0x000000C0	[ 19] _asm_x64_jcc_label
0x1000102B0	0x00000098	[ 19] _asm_x64_entry
0x100010348	0x00000084	[ 19] _asm_x64_sub_r64_i32
0x1000103CC	0x000000A0	[ 19] _asm_x64_exit
0x10001046C	0x00000010	[ 19] _asm_x64_mov_local_to_r64
0x10001047C	0x0000000C	[ 19] _asm_x64_mov_r64_to_local
0x100010488	0x000000AC	[ 19] _asm_x64_mov_local_addr_to_r64
0x100010534	0x00000094	[ 19] _asm_x64_mov_reg_pcrel
0x1000105C8	0x00000060	[ 19] _asm_x64_call_ind
0x100010628	0x00000008	[ 19] _OUTLINED_FUNCTION_0
0x100010630	0x00000088	[ 20] _emit_native_x64_new
0x1000106B8	0x0000004C	[ 20] _emit_native_x64_free
0x100010704	0x0000074C	[ 20] _emit_native_start_pass
0x100010E50	0x00000448	[ 20] _emit_native_end_pass
0x100011298	0x00000074	[ 20] _emit_native_adjust_stack_size
0x10001130C	0x00000004	[ 20] _emit_native_set_source_line
0x100011310	0x000000B4	[ 20] _emit_native_load_local
0x1000113C4	0x00000084	[ 20] _emit_native_load_global
0x100011448	0x000000D8	[ 20] _emit_native_store_local
0x100011520	0x00000100	[ 20] _emit_native_store_global
0x100011620	0x0000004C	[ 20] _emit_native_delete_local
0x10001166C	0x00000014	[ 20] _emit_native_delete_global
0x100011680	0x000000AC	[ 20] _emit_native_label_assign
0x10001172C	0x00000118	[ 20] _emit_native_import
0x100011844	0x00000038	[ 20] _emit_native_load_const_tok
0x10001187C	0x0000000C	[ 20] _emit_native_load_const_small_int
0x100011888	0x00000048	[ 20] _emit_native_load_const_str
0x1000118D0	0x00000044	[ 20] _emit_native_load_const_obj
0x100011914	0x0000000C	[ 20] _emit_native_load_null
0x100011920	0x000000AC	[ 20] _emit_native_load_method
0x1000119CC	0x0000003C	[ 20] _emit_native_load_build_class
0x100011A08	0x00000904	[ 20] _emit_native_subscr
0x10001230C	0x00000188	[ 20] _emit_native_attr
0x100012494	0x00000064	[ 20] _emit_native_dup_top
0x1000124F8	0x00000080	[ 20] _emit_native_dup_top_two
0x100012578	0x00000008	[ 20] _emit_native_pop_top
0x100012580	0x00000054	[ 20] _emit_native_rot_two
0x1000125D4	0x00000078	[ 20] _emit_native_rot_three
0x10001264C	0x0000003C	[ 20] _emit_native_jump
0x100012688	0x00000008	[ 20] _emit_native_pop_jump_if
0x100012690	0x00000008	[ 20] _emit_native_jump_if_or_pop
0x100012698	0x00000148	[ 20] _emit_native_unwind_jump
0x1000127E0	0x000001A0	[ 20] _emit_native_setup_block
0x100012980	0x00000228	[ 20] _emit_native_with_cleanup
0x100012BA8	0x000000E0	[ 20] _emit_native_async_with_setup_finally
0x100012C88	0x00000128	[ 20] _emit_native_end_finally
0x100012DB0	0x000000BC	[ 20] _emit_native_get_iter
0x100012E6C	0x0000007C	[ 20] _emit_native_for_iter
0x100012EE8	0x00000008	[ 20] _emit_native_for_iter_end
0x100012EF0	0x00000074	[ 20] _emit_native_pop_except_jump
0x100012F64	0x000001C0	[ 20] _emit_native_unary_op
0x100013124	0x00000428	[ 20] _emit_native_binary_op
0x10001354C	0x00000138	[ 20] _emit_native_build
0x100013684	0x00000088	[ 20] _emit_native_store_map
0x10001370C	0x00000110	[ 20] _emit_native_store_comp
0x10001381C	0x00000070	[ 20] _emit_native_unpack_sequence
0x10001388C	0x00000080	[ 20] _emit_native_unpack_ex
0x10001390C	0x000000B0	[ 20] _emit_native_make_function
0x1000139BC	0x00000120	[ 20] _emit_native_make_closure
0x100013ADC	0x000001B4	[ 20] _emit_native_call_function
0x100013C90	0x00000088	[ 20] _emit_native_call_method
0x100013D18	0x000001E4	[ 20] _emit_native_return_value
0x100013EFC	0x00000090	[ 20] _emit_native_raise_varargs
0x100013F8C	0x000002E0	[ 20] _emit_native_yield
0x10001426C	0x00000040	[ 20] _emit_native_start_except_handler
0x1000142AC	0x00000004	[ 20] _emit_native_end_except_handler
0x1000142B0	0x00000050	[ 20] _emit_call_with_imm_arg
0x100014300	0x0000002C	[ 20] _emit_native_mov_state_reg
0x10001432C	0x00000394	[ 20] _emit_native_global_exc_entry
0x1000146C0	0x00000078	[ 20] _need_reg_all
0x100014738	0x00000028	[ 20] _emit_native_mov_reg_state
0x100014760	0x00000048	[ 20] _ensure_extra_stack
0x1000147A8	0x00000054	[ 20] _adjust_stack
0x1000147FC	0x000000C8	[ 20] _emit_native_load_fast
0x1000148C4	0x00000054	[ 20] _emit_post_push_reg
0x100014918	0x0000009C	[ 20] _need_reg_single
0x1000149B4	0x0000008C	[ 20] _emit_pre_pop_reg_flexible
0x100014A40	0x000000D8	[ 20] _emit_access_stack
0x100014B18	0x000000D4	[ 20] _load_reg_stack_imm
0x100014BEC	0x00000054	[ 20] _emit_post_push_imm
0x100014C40	0x0000006C	[ 20] _emit_call_with_qstr_arg
0x100014CAC	0x00000140	[ 20] _emit_native_store_fast
0x100014DEC	0x00000094	[ 20] _need_stack_settled
0x100014E80	0x00000094	[ 20] _emit_native_leave_exc_stack
0x100014F14	0x00000064	[ 20] _emit_pre_pop_reg_reg
0x100014F78	0x00000080	[ 20] _emit_load_reg_with_object
0x100014FF8	0x00000144	[ 20] _emit_get_stack_pointer_to_reg_for_pop
0x10001513C	0x00000080	[ 20] _emit_get_stack_pointer_to_reg_for_push
0x1000151BC	0x0000005C	[ 20] _emit_native_mov_reg_state_addr
0x100015218	0x00000094	[ 20] _emit_pre_pop_reg_reg_reg
0x1000152AC	0x000001A8	[ 20] _emit_native_jump_helper
0x100015454	0x0000009C	[ 20] _emit_native_push_exc_stack
0x1000154F0	0x00000060	[ 20] _emit_call_with_2_imm_args
0x100015550	0x0000007C	[ 20] _emit_load_reg_with_child
0x1000155CC	0x00000068	[ 20] _emit_fold_stack_top
0x100015634	0x00000040	[ 21] _asm_x86_mov_r32_r32
0x100015674	0x00000054	[ 21] _asm_x86_mov_r8_to_mem8
0x1000156C8	0x000000EC	[ 21] _asm_x86_write_r32_disp
0x1000157B4	0x00000054	[ 21] _asm_x86_mov_r16_to_mem16
0x100015808	0x00000054	[ 21] _asm_x86_mov_r32_to_mem32
0x10001585C	0x00000054	[ 21] _asm_x86_mov_mem8_to_r32zx
0x1000158B0	0x00000054	[ 21] _asm_x86_mov_mem16_to_r32zx
0x100015904	0x00000054	[ 21] _asm_x86_mov_mem32_to_r32
0x100015958	0x00000060	[ 21] _asm_x86_mov_i32_to_r32
0x1000159B8	0x0000003C	[ 21] _asm_x86_not_r32
0x1000159F4	0x0000003C	[ 21] _asm_x86_neg_r32
0x100015A30	0x00000040	[ 21] _asm_x86_and_r32_r32
0x100015A70	0x00000040	[ 21] _asm_x86_or_r32_r32
0x100015AB0	0x00000040	[ 21] _asm_x86_xor_r32_r32
0x100015AF0	0x00000038	[ 21] _asm_x86_shl_r32_cl
0x100015B28	0x0000003C	[ 21] _asm_x86_shr_r32_cl
0x100015B64	0x00000038	[ 21] _asm_x86_sar_r32_cl
0x100015B9C	0x00000040	[ 21] _asm_x86_add_r32_r32
0x100015BDC	0x00000040	[ 21] _asm_x86_sub_r32_r32
0x100015C1C	0x00000040	[ 21] _asm_x86_mul_r32_r32
0x100015C5C	0x00000040	[ 21] _asm_x86_cmp_r32_with_r32
0x100015C9C	0x00000040	[ 21] _asm_x86_test_r8_with_r8
0x100015CDC	0x00000040	[ 21] _asm_x86_test_r32_with_r32
0x100015D1C	0x00000048	[ 21] _asm_x86_setcc_r8
0x100015D64	0x00000038	[ 21] _asm_x86_jmp_reg
0x100015D9C	0x000000B4	[ 21] _asm_x86_jmp_label
0x100015E50	0x000000C0	[ 21] _asm_x86_jcc_label
0x100015F10	0x00000098	[ 21] _asm_x86_entry
0x100015FA8	0x00000074	[ 21] _asm_x86_sub_r32_i32
0x10001601C	0x000000A0	[ 21] _asm_x86_exit
0x1000160BC	0x0000001C	[ 21] _asm_x86_mov_arg_to_r32
0x1000160D8	0x00000010	[ 21] _asm_x86_mov_local_to_r32
0x1000160E8	0x0000000C	[ 21] _asm_x86_mov_r32_to_local
0x1000160F4	0x00000088	[ 21] _asm_x86_mov_local_addr_to_r32
0x10001617C	0x000000C4	[ 21] _asm_x86_mov_reg_pcrel
0x100016240	0x00000188	[ 21] _asm_x86_call_ind
0x1000163C8	0x00000008	[ 21] _OUTLINED_FUNCTION_0
0x1000163D0	0x00000088	[ 22] _emit_native_x86_new
0x100016458	0x0000004C	[ 22] _emit_native_x86_free
0x1000164A4	0x000007AC	[ 22] _emit_native_start_pass
0x100016C50	0x00000450	[ 22] _emit_native_end_pass
0x1000170A0	0x00000074	[ 22] _emit_native_adjust_stack_size
0x100017114	0x00000004	[ 22] _emit_native_set_source_line
0x100017118	0x000000B4	[ 22] _emit_native_load_local
0x1000171CC	0x00000084	[ 22] _emit_native_load_global
0x100017250	0x000000D8	[ 22] _emit_native_store_local
0x100017328	0x00000100	[ 22] _emit_native_store_global
0x100017428	0x0000004C	[ 22] _emit_native_delete_local
0x100017474	0x00000014	[ 22] _emit_native_delete_global
0x100017488	0x000000AC	[ 22] _emit_native_label_assign
0x100017534	0x0000011C	[ 22] _emit_native_import
0x100017650	0x00000038	[ 22] _emit_native_load_const_tok
0x100017688	0x0000000C	[ 22] _emit_native_load_const_small_int
0x100017694	0x00000048	[ 22] _emit_native_load_const_str
0x1000176DC	0x00000044	[ 22] _emit_native_load_const_obj
0x100017720	0x0000000C	[ 22] _emit_native_load_null
0x10001772C	0x000000AC	[ 22] _emit_native_load_method
0x1000177D8	0x00000040	[ 22] _emit_native_load_build_class
0x100017818	0x00000900	[ 22] _emit_native_subscr
0x100018118	0x00000188	[ 22] _emit_native_attr
0x1000182A0	0x00000064	[ 22] _emit_native_dup_top
0x100018304	0x00000080	[ 22] _emit_native_dup_top_two
0x100018384	0x00000008	[ 22] _emit_native_pop_top
0x10001838C	0x00000054	[ 22] _emit_native_rot_two
0x1000183E0	0x00000078	[ 22] _emit_native_rot_three
0x100018458	0x0000003C	[ 22] _emit_native_jump
0x100018494	0x00000008	[ 22] _emit_native_pop_jump_if
0x10001849C	0x00000008	[ 22] _emit_native_jump_if_or_pop
0x1000184A4	0x00000148	[ 22] _emit_native_unwind_jump
0x1000185EC	0x000001A0	[ 22] _emit_native_setup_block
0x10001878C	0x0000021C	[ 22] _emit_native_with_cleanup
0x1000189A8	0x000000E0	[ 22] _emit_native_async_with_setup_finally
0x100018A88	0x0000012C	[ 22] _emit_native_end_finally
0x100018BB4	0x000000C4	[ 22] _emit_native_get_iter
0x100018C78	0x00000080	[ 22] _emit_native_for_iter
0x100018CF8	0x00000008	[ 22] _emit_native_for_iter_end
0x100018D00	0x00000074	[ 22] _emit_native_pop_except_jump
0x100018D74	0x000001C0	[ 22] _emit_native_unary_op
0x100018F34	0x0000042C	[ 22] _emit_native_binary_op
0x100019360	0x0000013C	[ 22] _emit_native_build
0x10001949C	0x0000008C	[ 22] _emit_native_store_map
0x100019528	0x0000011C	[ 22] _emit_native_store_comp
0x100019644	0x00000070	[ 22] _emit_native_unpack_sequence
0x1000196B4	0x00000080	[ 22] _emit_native_unpack_ex
0x100019734	0x000000B4	[ 22] _emit_native_make_function
0x1000197E8	0x00000118	[ 22] _emit_native_make_closure
0x100019900	0x000001B4	[ 22] _emit_native_call_function
0x100019AB4	0x00000088	[ 22] _emit_native_call_method
0x100019B3C	0x000001DC	[ 22] _emit_native_return_value
0x100019D18	0x00000094	[ 22] _emit_native_raise_varargs
0x100019DAC	0x000002E8	[ 22] _emit_native_yield
0x10001A094	0x00000040	[ 22] _emit_native_start_except_handler
0x10001A0D4	0x00000004	[ 22] _emit_native_end_except_handler
0x10001A0D8	0x0000005C	[ 22] _emit_call_with_imm_arg
0x10001A134	0x0000002C	[ 22] _emit_native_mov_state_reg
0x10001A160	0x000003A4	[ 22] _emit_native_global_exc_entry
0x10001A504	0x00000078	[ 22] _need_reg_all
0x10001A57C	0x00000028	[ 22] _emit_native_mov_reg_state
0x10001A5A4	0x00000048	[ 22] _ensure_extra_stack
0x10001A5EC	0x00000054	[ 22] _adjust_stack
0x10001A640	0x000000C8	[ 22] _emit_native_load_fast
0x10001A708	0x00000054	[ 22] _emit_post_push_reg
0x10001A75C	0x0000009C	[ 22] _need_reg_single
0x10001A7F8	0x0000008C	[ 22] _emit_pre_pop_reg_flexible
0x10001A884	0x000000D8	[ 22] _emit_access_stack
0x10001A95C	0x000000D4	[ 22] _load_reg_stack_imm
0x10001AA30	0x00000054	[ 22] _emit_post_push_imm
0x10001AA84	0x00000078	[ 22] _emit_call_with_qstr_arg
0x10001AAFC	0x00000140	[ 22] _emit_native_store_fast
0x10001AC3C	0x00000094	[ 22] _need_stack_settled
0x10001ACD0	0x00000094	[ 22] _emit_native_leave_exc_stack
0x10001AD64	0x00000064	[ 22] _emit_pre_pop_reg_reg
0x10001ADC8	0x00000080	[ 22] _emit_load_reg_with_object
0x10001AE48	0x00000144	[ 22] _emit_get_stack_pointer_to_reg_for_pop
0x10001AF8C	0x00000080	[ 22] _emit_get_stack_pointer_to_reg_for_push
0x10001B00C	0x00000058	[ 22] _emit_native_mov_reg_state_addr
0x10001B064	0x00000094	[ 22] _emit_pre_pop_reg_reg_reg
0x10001B0F8	0x000001AC	[ 22] _emit_native_jump_helper
0x10001B2A4	0x0000009C	[ 22] _emit_native_push_exc_stack
0x10001B340	0x0000006C	[ 22] _emit_call_with_2_imm_args
0x10001B3AC	0x0000007C	[ 22] _emit_load_reg_with_child
0x10001B428	0x00000068	[ 22] _emit_fold_stack_top
0x10001B490	0x000001E8	[ 23] _asm_thumb_entry
0x10001B678	0x00000044	[ 23] _asm_thumb_op32
0x10001B6BC	0x0000002C	[ 23] _asm_thumb_op16
0x10001B6E8	0x0000010C	[ 23] _asm_thumb_exit
0x10001B7F4	0x0000005C	[ 23] _asm_thumb_format_4
0x10001B850	0x00000060	[ 23] _asm_thumb_mov_reg_reg
0x10001B8B0	0x0000007C	[ 23] _asm_thumb_mov_reg_i16
0x10001B92C	0x0000008C	[ 23] _asm_thumb_b_n_label
0x10001B9B8	0x00000118	[ 23] _asm_thumb_bcc_nw_label
0x10001BAD0	0x000000A0	[ 23] _asm_thumb_bl_label
0x10001BB70	0x0000011C	[ 23] _asm_thumb_mov_reg_i32
0x10001BC8C	0x000001A0	[ 23] _asm_thumb_mov_reg_i32_optimised
0x10001BE2C	0x00000094	[ 23] _asm_thumb_mov_rlo_i16
0x10001BEC0	0x0000005C	[ 23] _asm_thumb_mov_local_reg
0x10001BF1C	0x00000038	[ 23] _asm_thumb_mov_local_check
0x10001BF54	0x00000060	[ 23] _asm_thumb_mov_reg_local
0x10001BFB4	0x0000005C	[ 23] _asm_thumb_mov_reg_local_addr
0x10001C010	0x000000E4	[ 23] _asm_thumb_mov_reg_pcrel
0x10001C0F4	0x000000F4	[ 23] _asm_thumb_ldr_reg_reg_i12_optimised
0x10001C1E8	0x000001C4	[ 23] _asm_thumb_add_reg_reg_offset
0x10001C3AC	0x000000F4	[ 23] _asm_thumb_ldrh_reg_reg_i12_optimised
0x10001C4A0	0x00000108	[ 23] _asm_thumb_b_label
0x10001C5A8	0x00000144	[ 23] _asm_thumb_bcc_label
0x10001C6EC	0x00000054	[ 23] _asm_thumb_bcc_rel9
0x10001C740	0x00000054	[ 23] _asm_thumb_b_rel12
0x10001C794	0x0000004C	[ 23] _asm_thumb_bl_ind
0x10001C7E0	0x00000008	[ 23] _OUTLINED_FUNCTION_0
0x10001C7E8	0x00000088	[ 24] _emit_native_thumb_new
0x10001C870	0x0000004C	[ 24] _emit_native_thumb_free
0x10001C8BC	0x0000072C	[ 24] _emit_native_start_pass
0x10001CFE8	0x00000444	[ 24] _emit_native_end_pass
0x10001D42C	0x00000074	[ 24] _emit_native_adjust_stack_size
0x10001D4A0	0x00000004	[ 24] _emit_native_set_source_line
0x10001D4A4	0x000000B4	[ 24] _emit_native_load_local
0x10001D558	0x00000084	[ 24] _emit_native_load_global
0x10001D5DC	0x000000DC	[ 24] _emit_native_store_local
0x10001D6B8	0x00000100	[ 24] _emit_native_store_global
0x10001D7B8	0x0000004C	[ 24] _emit_native_delete_local
0x10001D804	0x00000014	[ 24] _emit_native_delete_global
0x10001D818	0x000000AC	[ 24] _emit_native_label_assign
0x10001D8C4	0x00000118	[ 24] _emit_native_import
0x10001D9DC	0x00000038	[ 24] _emit_native_load_const_tok
0x10001DA14	0x0000000C	[ 24] _emit_native_load_const_small_int
0x10001DA20	0x00000048	[ 24] _emit_native_load_const_str
0x10001DA68	0x00000044	[ 24] _emit_native_load_const_obj
0x10001DAAC	0x0000000C	[ 24] _emit_native_load_null
0x10001DAB8	0x000000AC	[ 24] _emit_native_load_method
0x10001DB64	0x0000003C	[ 24] _emit_native_load_build_class
0x10001DBA0	0x00000960	[ 24] _emit_native_subscr
0x10001E500	0x0000018C	[ 24] _emit_native_attr
0x10001E68C	0x00000064	[ 24] _emit_native_dup_top
0x10001E6F0	0x00000080	[ 24] _emit_native_dup_top_two
0x10001E770	0x00000008	[ 24] _emit_native_pop_top
0x10001E778	0x00000054	[ 24] _emit_native_rot_two
0x10001E7CC	0x00000078	[ 24] _emit_native_rot_three
0x10001E844	0x0000003C	[ 24] _emit_native_jump
0x10001E880	0x00000008	[ 24] _emit_native_pop_jump_if
0x10001E888	0x00000008	[ 24] _emit_native_jump_if_or_pop
0x10001E890	0x00000148	[ 24] _emit_native_unwind_jump
0x10001E9D8	0x000001A0	[ 24] _emit_native_setup_block
0x10001EB78	0x00000210	[ 24] _emit_native_with_cleanup
0x10001ED88	0x000000DC	[ 24] _emit_native_async_with_setup_finally
0x10001EE64	0x00000124	[ 24] _emit_native_end_finally
0x10001EF88	0x000000BC	[ 24] _emit_native_get_iter
0x10001F044	0x00000078	[ 24] _emit_native_for_iter
0x10001F0BC	0x00000008	[ 24] _emit_native_for_iter_end
0x10001F0C4	0x00000074	[ 24] _emit_native_pop_except_jump
0x10001F138	0x000001C4	[ 24] _emit_native_unary_op
0x10001F2FC	0x00000468	[ 24] _emit_native_binary_op
0x10001F764	0x00000138	[ 24] _emit_native_build
0x10001F89C	0x00000088	[ 24] _emit_native_store_map
0x10001F924	0x00000110	[ 24] _emit_native_store_comp
0x10001FA34	0x00000070	[ 24] _emit_native_unpack_sequence
0x10001FAA4	0x00000080	[ 24] _emit_native_unpack_ex
0x10001FB24	0x000000B0	[ 24] _emit_native_make_function
0x10001FBD4	0x00000110	[ 24] _emit_native_make_closure
0x10001FCE4	0x000001B4	[ 24] _emit_native_call_function
0x10001FE98	0x00000088	[ 24] _emit_native_call_method
0x10001FF20	0x000001DC	[ 24] _emit_native_return_value
0x1000200FC	0x00000090	[ 24] _emit_native_raise_varargs
0x10002018C	0x000002DC	[ 24] _emit_native_yield
0x100020468	0x00000040	[ 24] _emit_native_start_except_handler
0x1000204A8	0x00000004	[ 24] _emit_native_end_except_handler
0x1000204AC	0x00000050	[ 24] _emit_call_with_imm_arg
0x1000204FC	0x00000024	[ 24] _emit_native_mov_state_reg
0x100020520	0x0000037C	[ 24] _emit_native_global_exc_entry
0x10002089C	0x00000078	[ 24] _need_reg_all
0x100020914	0x00000020	[ 24] _emit_native_mov_reg_state
0x100020934	0x00000048	[ 24] _ensure_extra_stack
0x10002097C	0x00000054	[ 24] _adjust_stack
0x1000209D0	0x000000C8	[ 24] _emit_native_load_fast
0x100020A98	0x00000054	[ 24] _emit_post_push_reg
0x100020AEC	0x0000009C	[ 24] _need_reg_single
0x100020B88	0x0000008C	[ 24] _emit_pre_pop_reg_flexible
0x100020C14	0x000000D8	[ 24] _emit_access_stack
0x100020CEC	0x000000C0	[ 24] _load_reg_stack_imm
0x100020DAC	0x00000054	[ 24] _emit_post_push_imm
0x100020E00	0x0000006C	[ 24] _emit_call_with_qstr_arg
0x100020E6C	0x00000140	[ 24] _emit_native_store_fast
0x100020FAC	0x00000094	[ 24] _need_stack_settled
0x100021040	0x00000098	[ 24] _emit_native_leave_exc_stack
0x1000210D8	0x00000064	[ 24] _emit_pre_pop_reg_reg
0x10002113C	0x00000080	[ 24] _emit_load_reg_with_object
0x1000211BC	0x00000144	[ 24] _emit_get_stack_pointer_to_reg_for_pop
0x100021300	0x00000080	[ 24] _emit_get_stack_pointer_to_reg_for_push
0x100021380	0x00000058	[ 24] _emit_native_mov_reg_state_addr
0x1000213D8	0x00000094	[ 24] _emit_pre_pop_reg_reg_reg
0x10002146C	0x00000190	[ 24] _emit_native_jump_helper
0x1000215FC	0x0000009C	[ 24] _emit_native_push_exc_stack
0x100021698	0x00000060	[ 24] _emit_call_with_2_imm_args
0x1000216F8	0x0000007C	[ 24] _emit_load_reg_with_child
0x100021774	0x00000068	[ 24] _emit_fold_stack_top
0x1000217DC	0x00000054	[ 25] _emit_inline_thumb_new
0x100021830	0x00000034	[ 25] _emit_inline_thumb_free
0x100021864	0x0000005C	[ 25] _emit_inline_thumb_start_pass
0x1000218C0	0x00000004	[ 25] _emit_inline_thumb_end_pass
0x1000218C4	0x000000C8	[ 25] _emit_inline_thumb_count_params
0x10002198C	0x00000068	[ 25] _emit_inline_thumb_label
0x1000219F4	0x00000E90	[ 25] _emit_inline_thumb_op
0x100022884	0x000000D4	[ 25] _get_arg_vfpreg
0x100022958	0x00000100	[ 25] _get_arg_reg
0x100022A58	0x00000098	[ 25] _get_arg_addr
0x100022AF0	0x00000098	[ 25] _get_arg_i
0x100022B88	0x000000B8	[ 25] _get_arg_label
0x100022C40	0x00000160	[ 25] _get_arg_reglist
0x100022DA0	0x000000C4	[ 25] _get_arg_special_reg
0x100022E64	0x000000C4	[ 26] _asm_arm_entry
0x100022F28	0x00000084	[ 26] _asm_arm_mov_reg_i32_optimised
0x100022FAC	0x00000098	[ 26] _asm_arm_exit
0x100023044	0x0000003C	[ 26] _asm_arm_mov_reg_reg
0x100023080	0x00000078	[ 26] _asm_arm_mov_reg_i32
0x1000230F8	0x00000040	[ 26] _asm_arm_mov_local_reg
0x100023138	0x00000040	[ 26] _asm_arm_mov_reg_local
0x100023178	0x00000040	[ 26] _asm_arm_cmp_reg_i8
0x1000231B8	0x0000003C	[ 26] _asm_arm_cmp_reg_reg
0x1000231F4	0x00000070	[ 26] _asm_arm_setcc_reg
0x100023264	0x0000003C	[ 26] _asm_arm_mvn_reg_reg
0x1000232A0	0x00000050	[ 26] _asm_arm_add_reg_reg_reg
0x1000232F0	0x00000050	[ 26] _asm_arm_rsb_reg_reg_imm
0x100023340	0x00000050	[ 26] _asm_arm_sub_reg_reg_reg
0x100023390	0x00000060	[ 26] _asm_arm_mul_reg_reg_reg
0x1000233F0	0x0000004C	[ 26] _asm_arm_and_reg_reg_reg
0x10002343C	0x00000050	[ 26] _asm_arm_eor_reg_reg_reg
0x10002348C	0x00000050	[ 26] _asm_arm_orr_reg_reg_reg
0x1000234DC	0x00000088	[ 26] _asm_arm_mov_reg_local_addr
0x100023564	0x000000C4	[ 26] _asm_arm_mov_reg_pcrel
0x100023628	0x00000048	[ 26] _asm_arm_lsl_reg_reg
0x100023670	0x00000048	[ 26] _asm_arm_lsr_reg_reg
0x1000236B8	0x00000048	[ 26] _asm_arm_asr_reg_reg
0x100023700	0x00000050	[ 26] _asm_arm_ldr_reg_reg
0x100023750	0x00000044	[ 26] _asm_arm_ldrh_reg_reg
0x100023794	0x000000A0	[ 26] _asm_arm_ldrh_reg_reg_offset
0x100023834	0x00000040	[ 26] _asm_arm_ldrb_reg_reg
0x100023874	0x00000050	[ 26] _asm_arm_str_reg_reg
0x1000238C4	0x00000044	[ 26] _asm_arm_strh_reg_reg
0x100023908	0x00000040	[ 26] _asm_arm_strb_reg_reg
0x100023948	0x00000054	[ 26] _asm_arm_str_reg_reg_reg
0x10002399C	0x00000074	[ 26] _asm_arm_strh_reg_reg_reg
0x100023A10	0x00000050	[ 26] _asm_arm_strb_reg_reg_reg
0x100023A60	0x00000090	[ 26] _asm_arm_bcc_label
0x100023AF0	0x0000000C	[ 26] _asm_arm_b_label
0x100023AFC	0x00000064	[ 26] _asm_arm_bl_ind
0x100023B60	0x00000038	[ 26] _asm_arm_bx_reg
0x100023B98	0x00000088	[ 27] _emit_native_arm_new
0x100023C20	0x0000004C	[ 27] _emit_native_arm_free
0x100023C6C	0x00000744	[ 27] _emit_native_start_pass
0x1000243B0	0x00000448	[ 27] _emit_native_end_pass
0x1000247F8	0x00000074	[ 27] _emit_native_adjust_stack_size
0x10002486C	0x00000004	[ 27] _emit_native_set_source_line
0x100024870	0x000000B4	[ 27] _emit_native_load_local
0x100024924	0x00000084	[ 27] _emit_native_load_global
0x1000249A8	0x000000D8	[ 27] _emit_native_store_local
0x100024A80	0x00000100	[ 27] _emit_native_store_global
0x100024B80	0x0000004C	[ 27] _emit_native_delete_local
0x100024BCC	0x00000014	[ 27] _emit_native_delete_global
0x100024BE0	0x000000AC	[ 27] _emit_native_label_assign
0x100024C8C	0x00000118	[ 27] _emit_native_import
0x100024DA4	0x00000038	[ 27] _emit_native_load_const_tok
0x100024DDC	0x0000000C	[ 27] _emit_native_load_const_small_int
0x100024DE8	0x00000048	[ 27] _emit_native_load_const_str
0x100024E30	0x00000044	[ 27] _emit_native_load_const_obj
0x100024E74	0x0000000C	[ 27] _emit_native_load_null
0x100024E80	0x000000AC	[ 27] _emit_native_load_method
0x100024F2C	0x0000003C	[ 27] _emit_native_load_build_class
0x100024F68	0x000008A4	[ 27] _emit_native_subscr
0x10002580C	0x0000018C	[ 27] _emit_native_attr
0x100025998	0x00000064	[ 27] _emit_native_dup_top
0x1000259FC	0x00000080	[ 27] _emit_native_dup_top_two
0x100025A7C	0x00000008	[ 27] _emit_native_pop_top
0x100025A84	0x00000054	[ 27] _emit_native_rot_two
0x100025AD8	0x00000078	[ 27] _emit_native_rot_three
0x100025B50	0x0000003C	[ 27] _emit_native_jump
0x100025B8C	0x00000008	[ 27] _emit_native_pop_jump_if
0x100025B94	0x00000008	[ 27] _emit_native_jump_if_or_pop
0x100025B9C	0x00000148	[ 27] _emit_native_unwind_jump
0x100025CE4	0x000001A0	[ 27] _emit_native_setup_block
0x100025E84	0x00000218	[ 27] _emit_native_with_cleanup
0x10002609C	0x000000E0	[ 27] _emit_native_async_with_setup_finally
0x10002617C	0x00000128	[ 27] _emit_native_end_finally
0x1000262A4	0x000000BC	[ 27] _emit_native_get_iter
0x100026360	0x0000007C	[ 27] _emit_native_for_iter
0x1000263DC	0x00000008	[ 27] _emit_native_for_iter_end
0x1000263E4	0x00000074	[ 27] _emit_native_pop_except_jump
0x100026458	0x000001CC	[ 27] _emit_native_unary_op
0x100026624	0x0000041C	[ 27] _emit_native_binary_op
0x100026A40	0x00000138	[ 27] _emit_native_build
0x100026B78	0x00000088	[ 27] _emit_native_store_map
0x100026C00	0x00000110	[ 27] _emit_native_store_comp
0x100026D10	0x00000070	[ 27] _emit_native_unpack_sequence
0x100026D80	0x00000080	[ 27] _emit_native_unpack_ex
0x100026E00	0x000000B0	[ 27] _emit_native_make_function
0x100026EB0	0x00000110	[ 27] _emit_native_make_closure
0x100026FC0	0x000001B4	[ 27] _emit_native_call_function
0x100027174	0x00000088	[ 27] _emit_native_call_method
0x1000271FC	0x000001DC	[ 27] _emit_native_return_value
0x1000273D8	0x00000090	[ 27] _emit_native_raise_varargs
0x100027468	0x000002E0	[ 27] _emit_native_yield
0x100027748	0x00000040	[ 27] _emit_native_start_except_handler
0x100027788	0x00000004	[ 27] _emit_native_end_except_handler
0x10002778C	0x00000050	[ 27] _emit_call_with_imm_arg
0x1000277DC	0x00000020	[ 27] _emit_native_mov_state_reg
0x1000277FC	0x00000394	[ 27] _emit_native_global_exc_entry
0x100027B90	0x00000078	[ 27] _need_reg_all
0x100027C08	0x0000001C	[ 27] _emit_native_mov_reg_state
0x100027C24	0x00000048	[ 27] _ensure_extra_stack
0x100027C6C	0x00000054	[ 27] _adjust_stack
0x100027CC0	0x000000C8	[ 27] _emit_native_load_fast
0x100027D88	0x00000054	[ 27] _emit_post_push_reg
0x100027DDC	0x0000009C	[ 27] _need_reg_single
0x100027E78	0x0000008C	[ 27] _emit_pre_pop_reg_flexible
0x100027F04	0x000000D8	[ 27] _emit_access_stack
0x100027FDC	0x000000C4	[ 27] _load_reg_stack_imm
0x1000280A0	0x00000054	[ 27] _emit_post_push_imm
0x1000280F4	0x0000006C	[ 27] _emit_call_with_qstr_arg
0x100028160	0x00000140	[ 27] _emit_native_store_fast
0x1000282A0	0x00000094	[ 27] _need_stack_settled
0x100028334	0x00000098	[ 27] _emit_native_leave_exc_stack
0x1000283CC	0x00000064	[ 27] _emit_pre_pop_reg_reg
0x100028430	0x00000080	[ 27] _emit_load_reg_with_object
0x1000284B0	0x00000144	[ 27] _emit_get_stack_pointer_to_reg_for_pop
0x1000285F4	0x00000080	[ 27] _emit_get_stack_pointer_to_reg_for_push
0x100028674	0x00000058	[ 27] _emit_native_mov_reg_state_addr
0x1000286CC	0x00000094	[ 27] _emit_pre_pop_reg_reg_reg
0x100028760	0x000001A8	[ 27] _emit_native_jump_helper
0x100028908	0x0000009C	[ 27] _emit_native_push_exc_stack
0x1000289A4	0x00000060	[ 27] _emit_call_with_2_imm_args
0x100028A04	0x0000007C	[ 27] _emit_load_reg_with_child
0x100028A80	0x00000068	[ 27] _emit_fold_stack_top
0x100028AE8	0x0000000C	[ 28] _asm_xtensa_end_pass
0x100028AF4	0x0000014C	[ 28] _asm_xtensa_entry
0x100028C40	0x000000FC	[ 28] _asm_xtensa_exit
0x100028D3C	0x000000C4	[ 28] _asm_xtensa_entry_win
0x100028E00	0x00000048	[ 28] _asm_xtensa_exit_win
0x100028E48	0x0000002C	[ 28] _asm_xtensa_op16
0x100028E74	0x0000003C	[ 28] _asm_xtensa_op24
0x100028EB0	0x0000006C	[ 28] _asm_xtensa_j_label
0x100028F1C	0x000000B4	[ 28] _asm_xtensa_bccz_reg_label
0x100028FD0	0x000000C8	[ 28] _asm_xtensa_bcc_reg_reg_label
0x100029098	0x000000B0	[ 28] _asm_xtensa_setcc_reg_reg_reg
0x100029148	0x000000AC	[ 28] _asm_xtensa_mov_reg_i32
0x1000291F4	0x000000B0	[ 28] _asm_xtensa_mov_reg_i32_optimised
0x1000292A4	0x00000050	[ 28] _asm_xtensa_mov_local_reg
0x1000292F4	0x00000050	[ 28] _asm_xtensa_mov_reg_local
0x100029344	0x000000C4	[ 28] _asm_xtensa_mov_reg_local_addr
0x100029408	0x000000F0	[ 28] _asm_xtensa_mov_reg_pcrel
0x1000294F8	0x000000B8	[ 28] _asm_xtensa_l32i_optimised
0x1000295B0	0x000000B8	[ 28] _asm_xtensa_s32i_optimised
0x100029668	0x00000048	[ 28] _asm_xtensa_call_ind
0x1000296B0	0x00000048	[ 28] _asm_xtensa_call_ind_win
0x1000296F8	0x00000008	[ 28] _OUTLINED_FUNCTION_0
0x100029700	0x00000088	[ 29] _emit_native_xtensa_new
0x100029788	0x0000004C	[ 29] _emit_native_xtensa_free
0x1000297D4	0x0000071C	[ 29] _emit_native_start_pass
0x100029EF0	0x00000440	[ 29] _emit_native_end_pass
0x10002A330	0x00000074	[ 29] _emit_native_adjust_stack_size
0x10002A3A4	0x00000004	[ 29] _emit_native_set_source_line
0x10002A3A8	0x000000B8	[ 29] _emit_native_load_local
0x10002A460	0x00000084	[ 29] _emit_native_load_global
0x10002A4E4	0x000000E8	[ 29] _emit_native_store_local
0x10002A5CC	0x000000FC	[ 29] _emit_native_store_global
0x10002A6C8	0x0000004C	[ 29] _emit_native_delete_local
0x10002A714	0x00000014	[ 29] _emit_native_delete_global
0x10002A728	0x000000AC	[ 29] _emit_native_label_assign
0x10002A7D4	0x00000114	[ 29] _emit_native_import
0x10002A8E8	0x00000038	[ 29] _emit_native_load_const_tok
0x10002A920	0x0000000C	[ 29] _emit_native_load_const_small_int
0x10002A92C	0x00000050	[ 29] _emit_native_load_const_str
0x10002A97C	0x00000044	[ 29] _emit_native_load_const_obj
0x10002A9C0	0x0000000C	[ 29] _emit_native_load_null
0x10002A9CC	0x000000AC	[ 29] _emit_native_load_method
0x10002AA78	0x00000038	[ 29] _emit_native_load_build_class
0x10002AAB0	0x0000095C	[ 29] _emit_native_subscr
0x10002B40C	0x00000184	[ 29] _emit_native_attr
0x10002B590	0x00000068	[ 29] _emit_native_dup_top
0x10002B5F8	0x00000080	[ 29] _emit_native_dup_top_two
0x10002B678	0x00000008	[ 29] _emit_native_pop_top
0x10002B680	0x00000054	[ 29] _emit_native_rot_two
0x10002B6D4	0x00000078	[ 29] _emit_native_rot_three
0x10002B74C	0x0000003C	[ 29] _emit_native_jump
0x10002B788	0x00000008	[ 29] _emit_native_pop_jump_if
0x10002B790	0x00000008	[ 29] _emit_native_jump_if_or_pop
0x10002B798	0x00000144	[ 29] _emit_native_unwind_jump
0x10002B8DC	0x000001A0	[ 29] _emit_native_setup_block
0x10002BA7C	0x000001FC	[ 29] _emit_native_with_cleanup
0x10002BC78	0x000000D4	[ 29] _emit_native_async_with_setup_finally
0x10002BD4C	0x00000118	[ 29] _emit_native_end_finally
0x10002BE64	0x000000B4	[ 29] _emit_native_get_iter
0x10002BF18	0x0000006C	[ 29] _emit_native_for_iter
0x10002BF84	0x00000008	[ 29] _emit_native_for_iter_end
0x10002BF8C	0x00000074	[ 29] _emit_native_pop_except_jump
0x10002C000	0x000001EC	[ 29] _emit_native_unary_op
0x10002C1EC	0x00000460	[ 29] _emit_native_binary_op
0x10002C64C	0x00000134	[ 29] _emit_native_build
0x10002C780	0x00000084	[ 29] _emit_native_store_map
0x10002C804	0x0000010C	[ 29] _emit_native_store_comp
0x10002C910	0x00000070	[ 29] _emit_native_unpack_sequence
0x10002C980	0x00000080	[ 29] _emit_native_unpack_ex
0x10002CA00	0x000000AC	[ 29] _emit_native_make_function
0x10002CAAC	0x00000108	[ 29] _emit_native_make_closure
0x10002CBB4	0x000001B4	[ 29] _emit_native_call_function
0x10002CD68	0x00000088	[ 29] _emit_native_call_method
0x10002CDF0	0x000001D8	[ 29] _emit_native_return_value
0x10002CFC8	0x0000008C	[ 29] _emit_native_raise_varargs
0x10002D054	0x000002CC	[ 29] _emit_native_yield
0x10002D320	0x00000040	[ 29] _emit_native_start_except_handler
0x10002D360	0x00000004	[ 29] _emit_native_end_except_handler
0x10002D364	0x0000004C	[ 29] _emit_call_with_imm_arg
0x10002D3B0	0x00000024	[ 29] _emit_native_mov_state_reg
0x10002D3D4	0x00000344	[ 29] _emit_native_global_exc_entry
0x10002D718	0x00000078	[ 29] _need_reg_all
0x10002D790	0x00000020	[ 29] _emit_native_mov_reg_state
0x10002D7B0	0x00000048	[ 29] _ensure_extra_stack
0x10002D7F8	0x00000054	[ 29] _adjust_stack
0x10002D84C	0x000000CC	[ 29] _emit_native_load_fast
0x10002D918	0x00000054	[ 29] _emit_post_push_reg
0x10002D96C	0x0000009C	[ 29] _need_reg_single
0x10002DA08	0x0000008C	[ 29] _emit_pre_pop_reg_flexible
0x10002DA94	0x000000E8	[ 29] _emit_access_stack
0x10002DB7C	0x000000C0	[ 29] _load_reg_stack_imm
0x10002DC3C	0x00000054	[ 29] _emit_post_push_imm
0x10002DC90	0x0000006C	[ 29] _emit_call_with_qstr_arg
0x10002DCFC	0x00000140	[ 29] _emit_native_store_fast
0x10002DE3C	0x00000094	[ 29] _need_stack_settled
0x10002DED0	0x00000094	[ 29] _emit_native_leave_exc_stack
0x10002DF64	0x00000064	[ 29] _emit_pre_pop_reg_reg
0x10002DFC8	0x00000080	[ 29] _emit_load_reg_with_object
0x10002E048	0x00000144	[ 29] _emit_get_stack_pointer_to_reg_for_pop
0x10002E18C	0x00000080	[ 29] _emit_get_stack_pointer_to_reg_for_push
0x10002E20C	0x00000064	[ 29] _emit_native_mov_reg_state_addr
0x10002E270	0x00000094	[ 29] _emit_pre_pop_reg_reg_reg
0x10002E304	0x0000017C	[ 29] _emit_native_jump_helper
0x10002E480	0x0000009C	[ 29] _emit_native_push_exc_stack
0x10002E51C	0x0000005C	[ 29] _emit_call_with_2_imm_args
0x10002E578	0x0000007C	[ 29] _emit_load_reg_with_child
0x10002E5F4	0x00000068	[ 29] _emit_fold_stack_top
0x10002E65C	0x00000054	[ 30] _emit_inline_xtensa_new
0x10002E6B0	0x00000034	[ 30] _emit_inline_xtensa_free
0x10002E6E4	0x0000005C	[ 30] _emit_inline_xtensa_start_pass
0x10002E740	0x00000024	[ 30] _emit_inline_xtensa_end_pass
0x10002E764	0x000000C8	[ 30] _emit_inline_xtensa_count_params
0x10002E82C	0x00000068	[ 30] _emit_inline_xtensa_label
0x10002E894	0x00000328	[ 30] _emit_inline_xtensa_op
0x10002EBBC	0x00000080	[ 30] _get_arg_reg
0x10002EC3C	0x000000B8	[ 30] _get_arg_label
0x10002ECF4	0x000000A8	[ 30] _get_arg_i
0x10002ED9C	0x00000088	[ 31] _emit_native_xtensawin_new
0x10002EE24	0x0000004C	[ 31] _emit_native_xtensawin_free
0x10002EE70	0x0000073C	[ 31] _emit_native_start_pass
0x10002F5AC	0x00000440	[ 31] _emit_native_end_pass
0x10002F9EC	0x00000074	[ 31] _emit_native_adjust_stack_size
0x10002FA60	0x00000004	[ 31] _emit_native_set_source_line
0x10002FA64	0x000000B8	[ 31] _emit_native_load_local
0x10002FB1C	0x00000084	[ 31] _emit_native_load_global
0x10002FBA0	0x000000E8	[ 31] _emit_native_store_local
0x10002FC88	0x000000FC	[ 31] _emit_native_store_global
0x10002FD84	0x0000004C	[ 31] _emit_native_delete_local
0x10002FDD0	0x00000014	[ 31] _emit_native_delete_global
0x10002FDE4	0x000000AC	[ 31] _emit_native_label_assign
0x10002FE90	0x00000114	[ 31] _emit_native_import
0x10002FFA4	0x00000038	[ 31] _emit_native_load_const_tok
0x10002FFDC	0x0000000C	[ 31] _emit_native_load_const_small_int
0x10002FFE8	0x00000048	[ 31] _emit_native_load_const_str
0x100030030	0x00000044	[ 31] _emit_native_load_const_obj
0x100030074	0x0000000C	[ 31] _emit_native_load_null
0x100030080	0x000000AC	[ 31] _emit_native_load_method
0x10003012C	0x00000038	[ 31] _emit_native_load_build_class
0x100030164	0x0000095C	[ 31] _emit_native_subscr
0x100030AC0	0x00000184	[ 31] _emit_native_attr
0x100030C44	0x00000068	[ 31] _emit_native_dup_top
0x100030CAC	0x00000080	[ 31] _emit_native_dup_top_two
0x100030D2C	0x00000008	[ 31] _emit_native_pop_top
0x100030D34	0x00000054	[ 31] _emit_native_rot_two
0x100030D88	0x00000078	[ 31] _emit_native_rot_three
0x100030E00	0x0000003C	[ 31] _emit_native_jump
0x100030E3C	0x00000008	[ 31] _emit_native_pop_jump_if
0x100030E44	0x00000008	[ 31] _emit_native_jump_if_or_pop
0x100030E4C	0x00000144	[ 31] _emit_native_unwind_jump
0x100030F90	0x000001A0	[ 31] _emit_native_setup_block
0x100031130	0x000001FC	[ 31] _emit_native_with_cleanup
0x10003132C	0x000000D4	[ 31] _emit_native_async_with_setup_finally
0x100031400	0x00000118	[ 31] _emit_native_end_finally
0x100031518	0x000000B4	[ 31] _emit_native_get_iter
0x1000315CC	0x0000006C	[ 31] _emit_native_for_iter
0x100031638	0x00000008	[ 31] _emit_native_for_iter_end
0x100031640	0x00000074	[ 31] _emit_native_pop_except_jump
0x1000316B4	0x000001EC	[ 31] _emit_native_unary_op
0x1000318A0	0x00000460	[ 31] _emit_native_binary_op
0x100031D00	0x00000134	[ 31] _emit_native_build
0x100031E34	0x00000084	[ 31] _emit_native_store_map
0x100031EB8	0x0000010C	[ 31] _emit_native_store_comp
0x100031FC4	0x00000070	[ 31] _emit_native_unpack_sequence
0x100032034	0x00000080	[ 31] _emit_native_unpack_ex
0x1000320B4	0x000000AC	[ 31] _emit_native_make_function
0x100032160	0x00000108	[ 31] _emit_native_make_closure
0x100032268	0x000001B4	[ 31] _emit_native_call_function
0x10003241C	0x00000088	[ 31] _emit_native_call_method
0x1000324A4	0x000001FC	[ 31] _emit_native_return_value
0x1000326A0	0x0000008C	[ 31] _emit_native_raise_varargs
0x10003272C	0x000002CC	[ 31] _emit_native_yield
0x1000329F8	0x00000040	[ 31] _emit_native_start_except_handler
0x100032A38	0x00000004	[ 31] _emit_native_end_except_handler
0x100032A3C	0x0000004C	[ 31] _emit_call_with_imm_arg
0x100032A88	0x00000024	[ 31] _emit_native_mov_state_reg
0x100032AAC	0x0000038C	[ 31] _emit_native_global_exc_entry
0x100032E38	0x00000078	[ 31] _need_reg_all
0x100032EB0	0x00000020	[ 31] _emit_native_mov_reg_state
0x100032ED0	0x00000048	[ 31] _ensure_extra_stack
0x100032F18	0x00000054	[ 31] _adjust_stack
0x100032F6C	0x000000CC	[ 31] _emit_native_load_fast
0x100033038	0x00000054	[ 31] _emit_post_push_reg
0x10003308C	0x0000009C	[ 31] _need_reg_single
0x100033128	0x0000008C	[ 31] _emit_pre_pop_reg_flexible
0x1000331B4	0x000000E8	[ 31] _emit_access_stack
0x10003329C	0x000000C0	[ 31] _load_reg_stack_imm
0x10003335C	0x00000054	[ 31] _emit_post_push_imm
0x1000333B0	0x0000006C	[ 31] _emit_call_with_qstr_arg
0x10003341C	0x00000140	[ 31] _emit_native_store_fast
0x10003355C	0x00000094	[ 31] _need_stack_settled
0x1000335F0	0x00000094	[ 31] _emit_native_leave_exc_stack
0x100033684	0x00000064	[ 31] _emit_pre_pop_reg_reg
0x1000336E8	0x00000080	[ 31] _emit_load_reg_with_object
0x100033768	0x00000144	[ 31] _emit_get_stack_pointer_to_reg_for_pop
0x1000338AC	0x00000080	[ 31] _emit_get_stack_pointer_to_reg_for_push
0x10003392C	0x00000064	[ 31] _emit_native_mov_reg_state_addr
0x100033990	0x00000094	[ 31] _emit_pre_pop_reg_reg_reg
0x100033A24	0x0000017C	[ 31] _emit_native_jump_helper
0x100033BA0	0x0000009C	[ 31] _emit_native_push_exc_stack
0x100033C3C	0x0000005C	[ 31] _emit_call_with_2_imm_args
0x100033C98	0x0000007C	[ 31] _emit_load_reg_with_child
0x100033D14	0x00000068	[ 31] _emit_fold_stack_top
0x100033D7C	0x0000002C	[ 32] _asm_rv32_emit_word_opcode
0x100033DA8	0x0000002C	[ 32] _asm_rv32_emit_halfword_opcode
0x100033DD4	0x000000B0	[ 32] _asm_rv32_emit_optimised_load_immediate
0x100033E84	0x000000CC	[ 32] _load_full_immediate
0x100033F50	0x000000E0	[ 32] _asm_rv32_entry
0x100034030	0x000000C0	[ 32] _asm_rv32_exit
0x1000340F0	0x00000004	[ 32] _asm_rv32_end_pass
0x1000340F4	0x00000144	[ 32] _asm_rv32_emit_call_ind
0x100034238	0x000000A4	[ 32] _load_upper_immediate
0x1000342DC	0x0000017C	[ 32] _asm_rv32_emit_jump_if_reg_eq
0x100034458	0x00000208	[ 32] _asm_rv32_emit_jump_if_reg_nonzero
0x100034660	0x00000140	[ 32] _asm_rv32_emit_mov_local_reg
0x1000347A0	0x0000012C	[ 32] _asm_rv32_emit_mov_reg_local
0x1000348CC	0x00000108	[ 32] _asm_rv32_emit_mov_reg_local_addr
0x1000349D4	0x0000015C	[ 32] _asm_rv32_emit_load_reg_reg_offset
0x100034B30	0x0000011C	[ 32] _asm_rv32_emit_jump
0x100034C4C	0x00000120	[ 32] _asm_rv32_emit_store_reg_reg_offset
0x100034D6C	0x000000C8	[ 32] _asm_rv32_emit_mov_reg_pcrel
0x100034E34	0x000000E0	[ 32] _asm_rv32_emit_load16_reg_reg_offset
0x100034F14	0x00000084	[ 32] _asm_rv32_emit_optimised_xor
0x100034F98	0x000000A4	[ 32] _asm_rv32_meta_comparison_eq
0x10003503C	0x000000B8	[ 32] _asm_rv32_meta_comparison_ne
0x1000350F4	0x00000090	[ 32] _asm_rv32_meta_comparison_lt
0x100035184	0x000000F8	[ 32] _asm_rv32_meta_comparison_le
0x10003527C	0x000000CC	[ 32] _adjust_stack
0x100035348	0x00000088	[ 33] _emit_native_rv32_new
0x1000353D0	0x0000004C	[ 33] _emit_native_rv32_free
0x10003541C	0x00000708	[ 33] _emit_native_start_pass
0x100035B24	0x00000440	[ 33] _emit_native_end_pass
0x100035F64	0x00000074	[ 33] _emit_native_adjust_stack_size
0x100035FD8	0x00000004	[ 33] _emit_native_set_source_line
0x100035FDC	0x000000B8	[ 33] _emit_native_load_local
0x100036094	0x00000084	[ 33] _emit_native_load_global
0x100036118	0x000000E8	[ 33] _emit_native_store_local
0x100036200	0x000000FC	[ 33] _emit_native_store_global
0x1000362FC	0x0000004C	[ 33] _emit_native_delete_local
0x100036348	0x00000014	[ 33] _emit_native_delete_global
0x10003635C	0x000000AC	[ 33] _emit_native_label_assign
0x100036408	0x00000114	[ 33] _emit_native_import
0x10003651C	0x00000038	[ 33] _emit_native_load_const_tok
0x100036554	0x0000000C	[ 33] _emit_native_load_const_small_int
0x100036560	0x00000048	[ 33] _emit_native_load_const_str
0x1000365A8	0x00000044	[ 33] _emit_native_load_const_obj
0x1000365EC	0x0000000C	[ 33] _emit_native_load_null
0x1000365F8	0x000000AC	[ 33] _emit_native_load_method
0x1000366A4	0x00000038	[ 33] _emit_native_load_build_class
0x1000366DC	0x00000A14	[ 33] _emit_native_subscr
0x1000370F0	0x00000184	[ 33] _emit_native_attr
0x100037274	0x00000068	[ 33] _emit_native_dup_top
0x1000372DC	0x00000080	[ 33] _emit_native_dup_top_two
0x10003735C	0x00000008	[ 33] _emit_native_pop_top
0x100037364	0x00000054	[ 33] _emit_native_rot_two
0x1000373B8	0x00000078	[ 33] _emit_native_rot_three
0x100037430	0x0000003C	[ 33] _emit_native_jump
0x10003746C	0x00000008	[ 33] _emit_native_pop_jump_if
0x100037474	0x00000008	[ 33] _emit_native_jump_if_or_pop
0x10003747C	0x00000148	[ 33] _emit_native_unwind_jump
0x1000375C4	0x000001A0	[ 33] _emit_native_setup_block
0x100037764	0x000001FC	[ 33] _emit_native_with_cleanup
0x100037960	0x000000D4	[ 33] _emit_native_async_with_setup_finally
0x100037A34	0x00000118	[ 33] _emit_native_end_finally
0x100037B4C	0x000000B4	[ 33] _emit_native_get_iter
0x100037C00	0x0000006C	[ 33] _emit_native_for_iter
0x100037C6C	0x00000008	[ 33] _emit_native_for_iter_end
0x100037C74	0x00000074	[ 33] _emit_native_pop_except_jump
0x100037CE8	0x000001E0	[ 33] _emit_native_unary_op
0x100037EC8	0x000004C4	[ 33] _emit_native_binary_op
0x10003838C	0x00000134	[ 33] _emit_native_build
0x1000384C0	0x00000084	[ 33] _emit_native_store_map
0x100038544	0x0000010C	[ 33] _emit_native_store_comp
0x100038650	0x00000070	[ 33] _emit_native_unpack_sequence
0x1000386C0	0x00000080	[ 33] _emit_native_unpack_ex
0x100038740	0x000000AC	[ 33] _emit_native_make_function
0x1000387EC	0x00000108	[ 33] _emit_native_make_closure
0x1000388F4	0x000001B4	[ 33] _emit_native_call_function
0x100038AA8	0x00000088	[ 33] _emit_native_call_method
0x100038B30	0x000001E0	[ 33] _emit_native_return_value
0x100038D10	0x0000008C	[ 33] _emit_native_raise_varargs
0x100038D9C	0x000002C8	[ 33] _emit_native_yield
0x100039064	0x00000040	[ 33] _emit_native_start_except_handler
0x1000390A4	0x00000004	[ 33] _emit_native_end_except_handler
0x1000390A8	0x0000004C	[ 33] _emit_call_with_imm_arg
0x1000390F4	0x0000002C	[ 33] _emit_native_mov_state_reg
0x100039120	0x0000032C	[ 33] _emit_native_global_exc_entry
0x10003944C	0x00000078	[ 33] _need_reg_all
0x1000394C4	0x00000024	[ 33] _emit_native_mov_reg_state
0x1000394E8	0x00000048	[ 33] _ensure_extra_stack
0x100039530	0x00000054	[ 33] _adjust_stack
0x100039584	0x000000CC	[ 33] _emit_native_load_fast
0x100039650	0x00000054	[ 33] _emit_post_push_reg
0x1000396A4	0x0000009C	[ 33] _need_reg_single
0x100039740	0x0000008C	[ 33] _emit_pre_pop_reg_flexible
0x1000397CC	0x000000E4	[ 33] _emit_access_stack
0x1000398B0	0x000000D8	[ 33] _load_reg_stack_imm
0x100039988	0x00000054	[ 33] _emit_post_push_imm
0x1000399DC	0x0000006C	[ 33] _emit_call_with_qstr_arg
0x100039A48	0x00000140	[ 33] _emit_native_store_fast
0x100039B88	0x00000094	[ 33] _need_stack_settled
0x100039C1C	0x00000094	[ 33] _emit_native_leave_exc_stack
0x100039CB0	0x00000064	[ 33] _emit_pre_pop_reg_reg
0x100039D14	0x00000080	[ 33] _emit_load_reg_with_object
0x100039D94	0x00000144	[ 33] _emit_get_stack_pointer_to_reg_for_pop
0x100039ED8	0x00000080	[ 33] _emit_get_stack_pointer_to_reg_for_push
0x100039F58	0x0000005C	[ 33] _emit_native_mov_reg_state_addr
0x100039FB4	0x00000094	[ 33] _emit_pre_pop_reg_reg_reg
0x10003A048	0x0000017C	[ 33] _emit_native_jump_helper
0x10003A1C4	0x0000009C	[ 33] _emit_native_push_exc_stack
0x10003A260	0x0000005C	[ 33] _emit_call_with_2_imm_args
0x10003A2BC	0x0000007C	[ 33] _emit_load_reg_with_child
0x10003A338	0x00000068	[ 33] _emit_fold_stack_top
0x10003A3A0	0x00000054	[ 34] _emit_inline_rv32_new
0x10003A3F4	0x00000034	[ 34] _emit_inline_rv32_free
0x10003A428	0x00000050	[ 34] _emit_inline_rv32_start_pass
0x10003A478	0x00000028	[ 34] _emit_inline_rv32_end_pass
0x10003A4A0	0x000000B8	[ 34] _emit_inline_rv32_count_params
0x10003A558	0x0000005C	[ 34] _emit_inline_rv32_label
0x10003A5B4	0x00000B50	[ 34] _emit_inline_rv32_opcode
0x10003B104	0x00000010	[ 34] _asm_rv32_opcode_cjr
0x10003B114	0x000002B8	[ 34] _validate_argument
0x10003B3CC	0x00000018	[ 34] _asm_rv32_opcode_add
0x10003B3E4	0x0000001C	[ 34] _asm_rv32_opcode_addi
0x10003B400	0x00000018	[ 34] _asm_rv32_opcode_and
0x10003B418	0x0000001C	[ 34] _asm_rv32_opcode_andi
0x10003B434	0x00000014	[ 34] _asm_rv32_opcode_auipc
0x10003B448	0x00000038	[ 34] _asm_rv32_opcode_beq
0x10003B480	0x00000038	[ 34] _asm_rv32_opcode_bge
0x10003B4B8	0x00000038	[ 34] _asm_rv32_opcode_bgeu
0x10003B4F0	0x00000038	[ 34] _asm_rv32_opcode_blt
0x10003B528	0x00000038	[ 34] _asm_rv32_opcode_bltu
0x10003B560	0x00000038	[ 34] _asm_rv32_opcode_bne
0x10003B598	0x0000001C	[ 34] _asm_rv32_opcode_csrrc
0x10003B5B4	0x0000001C	[ 34] _asm_rv32_opcode_csrrs
0x10003B5D0	0x0000001C	[ 34] _asm_rv32_opcode_csrrw
0x10003B5EC	0x00000018	[ 34] _asm_rv32_opcode_csrrci
0x10003B604	0x00000018	[ 34] _asm_rv32_opcode_csrrsi
0x10003B61C	0x00000018	[ 34] _asm_rv32_opcode_csrrwi
0x10003B634	0x00000014	[ 34] _asm_rv32_opcode_cadd
0x10003B648	0x00000018	[ 34] _asm_rv32_opcode_caddi
0x10003B660	0x00000050	[ 34] _asm_rv32_opcode_caddi4spn
0x10003B6B0	0x00000014	[ 34] _asm_rv32_opcode_cand
0x10003B6C4	0x0000001C	[ 34] _asm_rv32_opcode_candi
0x10003B6E0	0x0000003C	[ 34] _asm_rv32_opcode_cbeqz
0x10003B71C	0x0000003C	[ 34] _asm_rv32_opcode_cbnez
0x10003B758	0x00000008	[ 34] _asm_rv32_opcode_cebreak
0x10003B760	0x00000050	[ 34] _asm_rv32_opcode_cj
0x10003B7B0	0x00000050	[ 34] _asm_rv32_opcode_cjal
0x10003B800	0x00000010	[ 34] _asm_rv32_opcode_cjalr
0x10003B810	0x0000001C	[ 34] _asm_rv32_opcode_cli
0x10003B82C	0x00000020	[ 34] _asm_rv32_opcode_clui
0x10003B84C	0x0000002C	[ 34] _asm_rv32_opcode_clw
0x10003B878	0x00000024	[ 34] _asm_rv32_opcode_clwsp
0x10003B89C	0x00000014	[ 34] _asm_rv32_opcode_cmv
0x10003B8B0	0x00000008	[ 34] _asm_rv32_opcode_cnop
0x10003B8B8	0x00000014	[ 34] _asm_rv32_opcode_cor
0x10003B8CC	0x00000018	[ 34] _asm_rv32_opcode_cslli
0x10003B8E4	0x0000001C	[ 34] _asm_rv32_opcode_csrai
0x10003B900	0x0000001C	[ 34] _asm_rv32_opcode_csrli
0x10003B91C	0x00000014	[ 34] _asm_rv32_opcode_csub
0x10003B930	0x0000002C	[ 34] _asm_rv32_opcode_csw
0x10003B95C	0x0000001C	[ 34] _asm_rv32_opcode_cswsp
0x10003B978	0x00000014	[ 34] _asm_rv32_opcode_cxor
0x10003B98C	0x0000001C	[ 34] _asm_rv32_opcode_div
0x10003B9A8	0x0000001C	[ 34] _asm_rv32_opcode_divu
0x10003B9C4	0x0000000C	[ 34] _asm_rv32_opcode_ebreak
0x10003B9D0	0x00000008	[ 34] _asm_rv32_opcode_ecall
0x10003B9D8	0x0000002C	[ 34] _asm_rv32_opcode_jal
0x10003BA04	0x0000001C	[ 34] _asm_rv32_opcode_jalr
0x10003BA20	0x00000064	[ 34] _opcode_la
0x10003BA84	0x00000018	[ 34] _asm_rv32_opcode_lb
0x10003BA9C	0x0000001C	[ 34] _asm_rv32_opcode_lbu
0x10003BAB8	0x0000001C	[ 34] _asm_rv32_opcode_lh
0x10003BAD4	0x0000001C	[ 34] _asm_rv32_opcode_lhu
0x10003BAF0	0x00000014	[ 34] _asm_rv32_opcode_lui
0x10003BB04	0x0000001C	[ 34] _asm_rv32_opcode_lw
0x10003BB20	0x0000001C	[ 34] _asm_rv32_opcode_mul
0x10003BB3C	0x0000001C	[ 34] _asm_rv32_opcode_mulh
0x10003BB58	0x0000001C	[ 34] _asm_rv32_opcode_mulhsu
0x10003BB74	0x0000001C	[ 34] _asm_rv32_opcode_mulhu
0x10003BB90	0x00000018	[ 34] _asm_rv32_opcode_or
0x10003BBA8	0x0000001C	[ 34] _asm_rv32_opcode_ori
0x10003BBC4	0x0000001C	[ 34] _asm_rv32_opcode_rem
0x10003BBE0	0x0000001C	[ 34] _asm_rv32_opcode_remu
0x10003BBFC	0x00000020	[ 34] _asm_rv32_opcode_sb
0x10003BC1C	0x00000020	[ 34] _asm_rv32_opcode_sh
0x10003BC3C	0x00000018	[ 34] _asm_rv32_opcode_sll
0x10003BC54	0x00000018	[ 34] _asm_rv32_opcode_slli
0x10003BC6C	0x00000018	[ 34] _asm_rv32_opcode_slt
0x10003BC84	0x0000001C	[ 34] _asm_rv32_opcode_slti
0x10003BCA0	0x0000001C	[ 34] _asm_rv32_opcode_sltiu
0x10003BCBC	0x00000018	[ 34] _asm_rv32_opcode_sltu
0x10003BCD4	0x0000001C	[ 34] _asm_rv32_opcode_sra
0x10003BCF0	0x0000001C	[ 34] _asm_rv32_opcode_srai
0x10003BD0C	0x00000018	[ 34] _asm_rv32_opcode_srl
0x10003BD24	0x00000018	[ 34] _asm_rv32_opcode_srli
0x10003BD3C	0x0000001C	[ 34] _asm_rv32_opcode_sub
0x10003BD58	0x00000020	[ 34] _asm_rv32_opcode_sw
0x10003BD78	0x00000018	[ 34] _asm_rv32_opcode_xor
0x10003BD90	0x0000001C	[ 34] _asm_rv32_opcode_xori
0x10003BDAC	0x00000068	[ 34] _is_in_signed_mask
0x10003BE14	0x00000088	[ 35] _emit_native_debug_new
0x10003BE9C	0x0000004C	[ 35] _emit_native_debug_free
0x10003BEE8	0x00000844	[ 35] _emit_native_start_pass
0x10003C72C	0x00000444	[ 35] _emit_native_end_pass
0x10003CB70	0x00000074	[ 35] _emit_native_adjust_stack_size
0x10003CBE4	0x00000004	[ 35] _emit_native_set_source_line
0x10003CBE8	0x000000BC	[ 35] _emit_native_load_local
0x10003CCA4	0x00000084	[ 35] _emit_native_load_global
0x10003CD28	0x000000F0	[ 35] _emit_native_store_local
0x10003CE18	0x00000108	[ 35] _emit_native_store_global
0x10003CF20	0x0000004C	[ 35] _emit_native_delete_local
0x10003CF6C	0x00000014	[ 35] _emit_native_delete_global
0x10003CF80	0x000000AC	[ 35] _emit_native_label_assign
0x10003D02C	0x00000114	[ 35] _emit_native_import
0x10003D140	0x00000038	[ 35] _emit_native_load_const_tok
0x10003D178	0x0000000C	[ 35] _emit_native_load_const_small_int
0x10003D184	0x00000048	[ 35] _emit_native_load_const_str
0x10003D1CC	0x00000044	[ 35] _emit_native_load_const_obj
0x10003D210	0x0000000C	[ 35] _emit_native_load_null
0x10003D21C	0x000000AC	[ 35] _emit_native_load_method
0x10003D2C8	0x00000038	[ 35] _emit_native_load_build_class
0x10003D300	0x0000098C	[ 35] _emit_native_subscr
0x10003DC8C	0x00000198	[ 35] _emit_native_attr
0x10003DE24	0x00000068	[ 35] _emit_native_dup_top
0x10003DE8C	0x00000080	[ 35] _emit_native_dup_top_two
0x10003DF0C	0x00000008	[ 35] _emit_native_pop_top
0x10003DF14	0x00000054	[ 35] _emit_native_rot_two
0x10003DF68	0x00000078	[ 35] _emit_native_rot_three
0x10003DFE0	0x0000003C	[ 35] _emit_native_jump
0x10003E01C	0x00000008	[ 35] _emit_native_pop_jump_if
0x10003E024	0x00000008	[ 35] _emit_native_jump_if_or_pop
0x10003E02C	0x0000014C	[ 35] _emit_native_unwind_jump
0x10003E178	0x000001A0	[ 35] _emit_native_setup_block
0x10003E318	0x00000234	[ 35] _emit_native_with_cleanup
0x10003E54C	0x000000E4	[ 35] _emit_native_async_with_setup_finally
0x10003E630	0x00000138	[ 35] _emit_native_end_finally
0x10003E768	0x000000B4	[ 35] _emit_native_get_iter
0x10003E81C	0x00000074	[ 35] _emit_native_for_iter
0x10003E890	0x00000008	[ 35] _emit_native_for_iter_end
0x10003E898	0x00000074	[ 35] _emit_native_pop_except_jump
0x10003E90C	0x000001C8	[ 35] _emit_native_unary_op
0x10003EAD4	0x0000040C	[ 35] _emit_native_binary_op
0x10003EEE0	0x0000013C	[ 35] _emit_native_build
0x10003F01C	0x00000084	[ 35] _emit_native_store_map
0x10003F0A0	0x0000010C	[ 35] _emit_native_store_comp
0x10003F1AC	0x00000070	[ 35] _emit_native_unpack_sequence
0x10003F21C	0x00000080	[ 35] _emit_native_unpack_ex
0x10003F29C	0x000000B4	[ 35] _emit_native_make_function
0x10003F350	0x00000110	[ 35] _emit_native_make_closure
0x10003F460	0x000001B4	[ 35] _emit_native_call_function
0x10003F614	0x00000088	[ 35] _emit_native_call_method
0x10003F69C	0x000001F0	[ 35] _emit_native_return_value
0x10003F88C	0x0000008C	[ 35] _emit_native_raise_varargs
0x10003F918	0x000002E4	[ 35] _emit_native_yield
0x10003FBFC	0x00000048	[ 35] _emit_native_start_except_handler
0x10003FC44	0x00000004	[ 35] _emit_native_end_except_handler
0x10003FC48	0x00000064	[ 35] _asm_debug_entry
0x10003FCAC	0x000000AC	[ 35] _asm_debug_reg_reg_offset
0x10003FD58	0x000000A0	[ 35] _asm_debug_local_reg
0x10003FDF8	0x000000A0	[ 35] _asm_debug_reg_reg
0x10003FE98	0x000000C0	[ 35] _asm_debug_reg_label_bool
0x10003FF58	0x000000A0	[ 35] _asm_debug_reg_imm
0x10003FFF8	0x00000090	[ 35] _asm_debug_fun
0x100040088	0x0000004C	[ 35] _emit_call_with_imm_arg
0x1000400D4	0x00000028	[ 35] _emit_native_mov_state_reg
0x1000400FC	0x0000009C	[ 35] _asm_debug_reg_local
0x100040198	0x000003DC	[ 35] _emit_native_global_exc_entry
0x100040574	0x00000078	[ 35] _need_reg_all
0x1000405EC	0x00000034	[ 35] _emit_native_mov_reg_state
0x100040620	0x000000A0	[ 35] _asm_debug_reg_label
0x1000406C0	0x00000094	[ 35] _asm_debug_reg
0x100040754	0x00000058	[ 35] _asm_debug_exit
0x1000407AC	0x00000048	[ 35] _ensure_extra_stack
0x1000407F4	0x00000054	[ 35] _adjust_stack
0x100040848	0x000000CC	[ 35] _emit_native_load_fast
0x100040914	0x00000054	[ 35] _emit_post_push_reg
0x100040968	0x0000009C	[ 35] _need_reg_single
0x100040A04	0x0000008C	[ 35] _emit_pre_pop_reg_flexible
0x100040A90	0x000000E0	[ 35] _emit_access_stack
0x100040B70	0x000000E4	[ 35] _load_reg_stack_imm
0x100040C54	0x00000054	[ 35] _emit_post_push_imm
0x100040CA8	0x00000070	[ 35] _emit_call_with_qstr_arg
0x100040D18	0x00000140	[ 35] _emit_native_store_fast
0x100040E58	0x00000094	[ 35] _need_stack_settled
0x100040EEC	0x0000009C	[ 35] _emit_native_leave_exc_stack
0x100040F88	0x00000064	[ 35] _emit_pre_pop_reg_reg
0x100040FEC	0x0000009C	[ 35] _emit_load_reg_with_object
0x100041088	0x00000144	[ 35] _emit_get_stack_pointer_to_reg_for_pop
0x1000411CC	0x00000080	[ 35] _emit_get_stack_pointer_to_reg_for_push
0x10004124C	0x00000068	[ 35] _emit_native_mov_reg_state_addr
0x1000412B4	0x00000094	[ 35] _emit_pre_pop_reg_reg_reg
0x100041348	0x00000084	[ 35] _asm_debug_label
0x1000413CC	0x000001BC	[ 35] _emit_native_jump_helper
0x100041588	0x0000009C	[ 35] _emit_native_push_exc_stack
0x100041624	0x0000005C	[ 35] _emit_call_with_2_imm_args
0x100041680	0x000000A8	[ 35] _asm_debug_setcc_reg_reg_reg
0x100041728	0x00000094	[ 35] _emit_load_reg_with_child
0x1000417BC	0x00000064	[ 35] _emit_fold_stack_top
0x100041820	0x00000610	[ 36] _mp_format_float
0x100041E30	0x0000009C	[ 37] _mp_parse_num_base
0x100041ECC	0x00000230	[ 38] _mp_parse_num_integer
0x1000420FC	0x00000064	[ 38] _mp_obj_new_exception_arg1
0x100042160	0x00000040	[ 38] _raise_exc
0x1000421A0	0x000004CC	[ 38] _mp_parse_num_decimal
0x10004266C	0x00000020	[ 39] _mp_emit_glue_new_raw_code
0x10004268C	0x00000020	[ 39] _mp_emit_glue_assign_bytecode
0x1000426AC	0x00000048	[ 39] _mp_emit_glue_assign_native
0x1000426F4	0x00000248	[ 40] _mp_raw_code_save
0x10004293C	0x00000084	[ 40] _mp_print_uint
0x1000429C0	0x000002F0	[ 40] _save_obj
0x100042CB0	0x00000244	[ 40] _save_raw_code
0x100042EF4	0x0000008C	[ 40] _mp_raw_code_save_file
0x100042F80	0x00000004	[ 40] _fd_print_strn
0x100042F84	0x00000060	[ 41] _mp_init
0x100042FE4	0x00000004	[ 41] _mp_deinit
0x100042FE8	0x00000008	[ 41] _mp_call_function_1_from_nlr_jump_callback
0x100042FF0	0x00000020	[ 41] _mp_raise_msg_varg
0x100043010	0x00000200	[ 41] _mp_unary_op
0x100043210	0x00000510	[ 41] _mp_binary_op
0x100043720	0x00000018	[ 41] _mp_raise_ValueError
0x100043738	0x00000138	[ 41] _mp_getiter
0x100043870	0x00000158	[ 41] _mp_iternext
0x1000439C8	0x0000001C	[ 41] _mp_raise_msg
0x1000439E4	0x00000080	[ 41] _mp_call_function_n_kw
0x100043A64	0x0000002C	[ 41] _mp_call_function_1
0x100043A90	0x00000028	[ 41] _mp_call_method_n_kw
0x100043AB8	0x000000E0	[ 41] _mp_convert_member_lookup
0x100043B98	0x00000104	[ 41] _mp_load_method_maybe
0x100043C9C	0x000000FC	[ 41] _mp_iternext_allow_raise
0x100043D98	0x00000054	[ 41] _type_get_iternext
0x100043DEC	0x00000048	[ 41] _m_malloc_fail
0x100043E34	0x00000018	[ 41] _mp_raise_TypeError
0x100043E4C	0x00000018	[ 41] _mp_raise_NotImplementedError
0x100043E64	0x00000010	[ 41] _mp_raise_type_arg
0x100043E74	0x00000054	[ 41] _mp_obj_new_exception_arg1
0x100043EC8	0x00000028	[ 41] _mp_raise_StopIteration
0x100043EF0	0x00000028	[ 41] _mp_raise_TypeError_int_conversion
0x100043F18	0x00000020	[ 41] _mp_raise_OSError
0x100043F38	0x0000006C	[ 41] _mp_raise_OSError_with_filename
0x100043FA4	0x00000018	[ 41] _mp_raise_recursion_depth
0x100043FBC	0x00000080	[ 41] _checked_fun_call
0x10004403C	0x00000094	[ 44] _mp_native_type_from_qstr
0x1000440D0	0x00000038	[ 47] _mp_cstack_check
0x100044108	0x0000001C	[ 48] _mp_stack_ctrl_init
0x100044124	0x00000010	[ 48] _mp_stack_set_limit
0x100044134	0x0000009C	[ 49] _mp_arg_check_num_sig
0x1000441D0	0x00000168	[ 49] _mp_arg_parse_all
0x100044338	0x0000006C	[ 49] _mp_arg_parse_all_kw_array
0x1000443A4	0x00000014	[ 49] _mp_arg_error_unimpl_kw
0x1000443B8	0x00000044	[ 51] _mp_map_init
0x1000443FC	0x00000014	[ 51] _mp_map_init_fixed_table
0x100044410	0x00000038	[ 51] _mp_map_deinit
0x100044448	0x00000040	[ 51] _mp_map_clear
0x100044488	0x0000024C	[ 51] _mp_map_lookup
0x1000446D4	0x000000D4	[ 51] _mp_map_rehash
0x1000447A8	0x00000024	[ 52] _mp_obj_malloc_helper
0x1000447CC	0x00000020	[ 52] _mp_obj_get_type
0x1000447EC	0x00000024	[ 52] _mp_obj_get_type_str
0x100044810	0x000000C4	[ 52] _mp_obj_print_helper
0x1000448D4	0x0000013C	[ 52] _mp_obj_print_exception
0x100044A10	0x000000A8	[ 52] _mp_obj_is_true
0x100044AB8	0x00000098	[ 52] _mp_obj_len_maybe
0x100044B50	0x000001D8	[ 52] _mp_obj_equal_not_equal
[...]
<<dead>>	0x00000029	[ 64] literal string: "vm_return_kind == MP_VM_RETURN_EXCEPTION"
<<dead>>	0x0000000D	[ 64] literal string: "fun_asm_call"
<<dead>>	0x0000000C	[ 64] literal string: "n_args == 4"
<<dead>>	0x000000D0	[ 65] _gen_wrap_call
<<dead>>	0x000000DC	[ 65] _native_gen_wrap_call
<<dead>>	0x00000178	[ 65] _mp_obj_gen_resume
<<dead>>	0x00000044	[ 65] _gen_instance_print
<<dead>>	0x00000010	[ 65] _gen_instance_iternext
<<dead>>	0x00000074	[ 65] _gen_resume_and_raise
<<dead>>	0x00000080	[ 65] _gen_instance_close
<<dead>>	0x0000000C	[ 65] _gen_instance_send
<<dead>>	0x00000028	[ 65] _gen_instance_throw
<<dead>>	0x0000002C	[ 65] _gen_instance_pend_throw
<<dead>>	0x00000020	[ 65] _mp_const_GeneratorExit_obj
<<dead>>	0x00000020	[ 65] _mp_type_gen_wrap
<<dead>>	0x00000020	[ 65] _mp_type_native_gen_wrap
<<dead>>	0x00000030	[ 65] _mp_type_gen_instance
<<dead>>	0x00000040	[ 65] _gen_instance_locals_dict_table
<<dead>>	0x00000020	[ 65] _gen_instance_locals_dict
<<dead>>	0x00000010	[ 65] _gen_instance_close_obj
<<dead>>	0x00000010	[ 65] _gen_instance_send_obj
<<dead>>	0x00000018	[ 65] _gen_instance_throw_obj
<<dead>>	0x00000010	[ 65] _gen_instance_pend_throw_obj
<<dead>>	0x0000001C	[ 65] literal string: "generator already executing"
<<dead>>	0x00000036	[ 65] literal string: "can't send non-None value to a just-started generator"
<<dead>>	0x0000001F	[ 65] literal string: "generator raised StopIteration"
<<dead>>	0x0000001E	[ 65] literal string: "<generator object '%q' at %p>"
<<dead>>	0x00000020	[ 65] literal string: "generator ignored GeneratorExit"
<<dead>>	0x00000050	[ 68] _mp_obj_int_get_uint_checked
<<dead>>	0x0000002C	[ 68] literal string: "mp_obj_is_exact_type(self_in, &mp_type_int)"
<<dead>>	0x0000000F	[ 68] literal string: "divide by zero"
<<dead>>	0x00000015	[ 68] literal string: "negative shift count"
<<dead>>	0x00000008	[ 69] _mp_obj_list_set_len
<<dead>>	0x0000003C	[ 69] _mp_obj_list_store
<<dead>>	0x00000003	[ 69] literal string: ", "
<<dead>>	0x00000002	[ 69] literal string: "]"
<<dead>>	0x00000088	[ 70] _map_make_new
<<dead>>	0x00000094	[ 70] _map_iternext
<<dead>>	0x00000028	[ 70] _mp_type_map
<<dead>>	0x00000064	[ 71] _module_print
<<dead>>	0x000000CC	[ 71] _module_attr
<<dead>>	0x00000084	[ 71] _mp_obj_new_module
<<dead>>	0x000000AC	[ 71] _mp_module_get_builtin
<<dead>>	0x0000004C	[ 71] _mp_module_generic_attr
<<dead>>	0x00000028	[ 71] _mp_type_module
<<dead>>	0x00000030	[ 71] _mp_builtin_module_table
<<dead>>	0x00000018	[ 71] _mp_builtin_module_map
<<dead>>	0x00000010	[ 71] _mp_builtin_extensible_module_table
<<dead>>	0x00000018	[ 71] _mp_builtin_extensible_module_map
<<dead>>	0x00000001	[ 71] literal string: ""
<<dead>>	0x0000000E	[ 71] literal string: "<module '%s'>"
<<dead>>	0x00000005	[ 75] literal string: "None"
<<dead>>	0x000000AC	[ 76] _range_make_new
<<dead>>	0x0000005C	[ 76] _range_attr
<<dead>>	0x00000078	[ 76] _range_print
<<dead>>	0x0000005C	[ 76] _range_unary_op
<<dead>>	0x000000EC	[ 76] _range_subscr
<<dead>>	0x00000024	[ 76] _range_getiter
<<dead>>	0x0000004C	[ 76] _range_it_iternext
<<dead>>	0x00000048	[ 76] _mp_type_range
<<dead>>	0x00000020	[ 76] _mp_type_range_it
<<dead>>	0x0000000A	[ 76] literal string: "zero step"
<<dead>>	0x0000000F	[ 76] literal string: "range(%ld, %ld"
<<dead>>	0x00000002	[ 76] literal string: ")"
<<dead>>	0x00000007	[ 76] literal string: ", %ld)"
<<dead>>	0x000000C0	[ 77] _reversed_make_new
<<dead>>	0x0000002C	[ 77] _reversed_iternext
<<dead>>	0x00000028	[ 77] _mp_type_reversed
<<dead>>	0x000000AC	[ 78] _set_make_new
<<dead>>	0x000000D4	[ 78] _set_print
<<dead>>	0x00000040	[ 78] _set_unary_op
<<dead>>	0x0000027C	[ 78] _set_binary_op
<<dead>>	0x00000020	[ 78] _set_getiter
<<dead>>	0x0000006C	[ 78] _mp_obj_new_set
<<dead>>	0x0000000C	[ 78] _mp_obj_set_store
<<dead>>	0x00000030	[ 78] _set_union
<<dead>>	0x00000030	[ 78] _set_symmetric_difference
<<dead>>	0x00000008	[ 78] _set_intersect
<<dead>>	0x00000008	[ 78] _set_diff
<<dead>>	0x00000050	[ 78] _set_update
<<dead>>	0x0000005C	[ 78] _set_symmetric_difference_update
<<dead>>	0x00000104	[ 78] _set_intersect_int
<<dead>>	0x000000B0	[ 78] _set_diff_int
<<dead>>	0x00000050	[ 78] _set_equal
<<dead>>	0x00000008	[ 78] _set_issubset
<<dead>>	0x00000014	[ 78] _set_issuperset
<<dead>>	0x00000054	[ 78] _set_copy
<<dead>>	0x00000058	[ 78] _set_update_int
<<dead>>	0x00000020	[ 78] _set_add
<<dead>>	0x0000001C	[ 78] _set_clear
<<dead>>	0x0000014C	[ 78] _set_issubset_internal
<<dead>>	0x00000044	[ 78] _set_it_iternext
<<dead>>	0x00000020	[ 78] _set_discard
<<dead>>	0x0000001C	[ 78] _set_diff_update
<<dead>>	0x00000008	[ 78] _set_intersect_update
<<dead>>	0x00000070	[ 78] _set_isdisjoint
<<dead>>	0x00000030	[ 78] _set_pop
<<dead>>	0x00000040	[ 78] _set_remove
<<dead>>	0x00000028	[ 78] _set_equal.cold.1
<<dead>>	0x0000001D	[ 78] lJTI3_0
<<dead>>	0x00000048	[ 78] _mp_type_set
<<dead>>	0x00000120	[ 78] _set_locals_dict_table
<<dead>>	0x00000020	[ 78] _set_locals_dict
<<dead>>	0x00000010	[ 78] _set_add_obj
<<dead>>	0x00000010	[ 78] _set_clear_obj
<<dead>>	0x00000010	[ 78] _set_copy_obj
<<dead>>	0x00000010	[ 78] _set_discard_obj
<<dead>>	0x00000018	[ 78] _set_diff_obj
<<dead>>	0x00000018	[ 78] _set_diff_update_obj
<<dead>>	0x00000010	[ 78] _set_intersect_obj
<<dead>>	0x00000010	[ 78] _set_intersect_update_obj
<<dead>>	0x00000010	[ 78] _set_isdisjoint_obj
<<dead>>	0x00000010	[ 78] _set_issubset_obj
<<dead>>	0x00000010	[ 78] _set_issuperset_obj
<<dead>>	0x00000010	[ 78] _set_pop_obj
<<dead>>	0x00000010	[ 78] _set_remove_obj
<<dead>>	0x00000010	[ 78] _set_symmetric_difference_obj
<<dead>>	0x00000010	[ 78] _set_symmetric_difference_update_obj
<<dead>>	0x00000010	[ 78] _set_union_obj
<<dead>>	0x00000018	[ 78] _set_update_obj
<<dead>>	0x00000006	[ 78] literal string: "set()"
<<dead>>	0x00000002	[ 78] literal string: "{"
<<dead>>	0x00000003	[ 78] literal string: ", "
<<dead>>	0x00000002	[ 78] literal string: "}"
<<dead>>	0x0000000A	[ 78] literal string: "set_equal"
<<dead>>	0x00000009	[ 78] literal string: "objset.c"
<<dead>>	0x0000001E	[ 78] literal string: "is_set_or_frozenset(other_in)"
<<dead>>	0x00000016	[ 78] literal string: "pop from an empty set"
<<dead>>	0x00000044	[ 80] _mp_obj_new_slice
<<dead>>	0x00000003	[ 80] literal string: ", "
<<dead>>	0x00000002	[ 80] literal string: ")"
<<dead>>	0x00000030	[ 81] _mp_obj_str_set_data
<<dead>>	0x00000028	[ 81] _mp_obj_new_str_from_cstr
<<dead>>	0x0000004C	[ 81] _mp_obj_str_intern
<<dead>>	0x00000030	[ 81] _mp_obj_str_intern_checked
<<dead>>	0x0000006C	[ 81] _mp_obj_str_get_str
<<dead>>	0x00000003	[ 81] literal string: "%c"
<<dead>>	0x00000001	[ 81] literal string: ""
<<dead>>	0x00000024	[ 81] literal string: "string argument without an encoding"
<<dead>>	0x00000002	[ 81] literal string: "b"
<<dead>>	0x00000031	[ 81] literal string: "only slices with step=1 (aka None) are supported"
<<dead>>	0x00000003	[ 82] literal string: "%c"
<<dead>>	0x00000004	[ 82] literal string: "\%c"
<<dead>>	0x00000003	[ 82] literal string: "\\"
<<dead>>	0x00000003	[ 82] literal string: "\n"
<<dead>>	0x00000003	[ 82] literal string: "\r"
<<dead>>	0x00000003	[ 82] literal string: "\t"
<<dead>>	0x00000007	[ 82] literal string: "\x%02x"
<<dead>>	0x00000031	[ 82] literal string: "only slices with step=1 (aka None) are supported"
<<dead>>	0x00000030	[ 83] _mp_obj_tuple_del
<<dead>>	0x00000028	[ 83] _mp_obj_tuple_del.cold.1
<<dead>>	0x00000003	[ 83] literal string: ", "
<<dead>>	0x00000002	[ 83] literal string: ")"
<<dead>>	0x00000031	[ 83] literal string: "only slices with step=1 (aka None) are supported"
<<dead>>	0x00000011	[ 83] literal string: "mp_obj_tuple_del"
<<dead>>	0x00000028	[ 83] literal string: "mp_obj_is_type(self_in, &mp_type_tuple)"
<<dead>>	0x0000007C	[ 84] _mp_obj_instance_is_callable
<<dead>>	0x00000078	[ 84] _super_make_new
<<dead>>	0x00000068	[ 84] _super_print
<<dead>>	0x000001A8	[ 84] _super_attr
<<dead>>	0x0000003C	[ 84] _mp_load_super_method
<<dead>>	0x00000038	[ 84] _mp_builtin_issubclass
<<dead>>	0x00000024	[ 84] _mp_builtin_isinstance
<<dead>>	0x000000E0	[ 84] _mp_obj_is_subclass
<<dead>>	0x00000028	[ 84] _super_attr.cold.1
<<dead>>	0x00000028	[ 84] _super_attr.cold.2
<<dead>>	0x00000028	[ 84] _super_attr.cold.3
<<dead>>	0x00000010	[ 84] anon
<<dead>>	0x0000001B	[ 84] literal string: "'%s' object isn't callable"
<<dead>>	0x00000016	[ 84] literal string: "mp_map_slot_is_filled"
<<dead>>	0x00000006	[ 84] literal string: "obj.h"
<<dead>>	0x00000011	[ 84] literal string: "pos < map->alloc"
<<dead>>	0x00000039	[ 84] literal string: "issubclass() arg 2 must be a class or a tuple of classes"
<<dead>>	0x00000009	[ 84] literal string: "<super: "
<<dead>>	0x00000003	[ 84] literal string: ", "
<<dead>>	0x00000002	[ 84] literal string: ">"
<<dead>>	0x0000000B	[ 84] literal string: "super_attr"
<<dead>>	0x00000028	[ 84] literal string: "mp_obj_is_type(self_in, &mp_type_super)"
<<dead>>	0x0000002A	[ 84] literal string: "mp_obj_is_type(self->type, &mp_type_type)"
<<dead>>	0x00000028	[ 84] literal string: "mp_obj_is_type(items[i], &mp_type_type)"
<<dead>>	0x00000023	[ 84] literal string: "issubclass() arg 1 must be a class"
<<dead>>	0x00000030	[ 84] _mp_type_super
<<dead>>	0x00000010	[ 84] _mp_builtin_issubclass_obj
<<dead>>	0x00000010	[ 84] _mp_builtin_isinstance_obj
<<dead>>	0x00000078	[ 85] _zip_make_new
<<dead>>	0x0000007C	[ 85] _zip_iternext
<<dead>>	0x00000028	[ 85] _mp_type_zip
<<dead>>	0x0000003C	[ 86] _op_contains
<<dead>>	0x00000010	[ 86] _mp_op_contains_obj
<<dead>>	0x000000B0	[ 88] _mp_stream_rw
<<dead>>	0x0000004C	[ 88] _mp_stream_seek
<<dead>>	0x0000006C	[ 88] _mp_get_stream_raise
<<dead>>	0x00000008	[ 88] _stream_read
<<dead>>	0x00000008	[ 88] _stream_read1
<<dead>>	0x0000003C	[ 88] _mp_stream_write
<<dead>>	0x00000008	[ 88] _mp_stream_write_adaptor
<<dead>>	0x000000AC	[ 88] _stream_write_method
<<dead>>	0x00000048	[ 88] _stream_write1_method
<<dead>>	0x00000088	[ 88] _stream_readinto
<<dead>>	0x00000074	[ 88] _stream_unbuffered_readlines
<<dead>>	0x00000050	[ 88] _mp_stream_close
<<dead>>	0x0000001C	[ 88] _mp_stream___exit__
<<dead>>	0x000000BC	[ 88] _stream_seek
<<dead>>	0x00000060	[ 88] _stream_tell
<<dead>>	0x00000050	[ 88] _stream_flush
<<dead>>	0x000000A8	[ 88] _stream_ioctl
<<dead>>	0x00000248	[ 88] _stream_read_generic
<<dead>>	0x0000001F	[ 88] literal string: "stream operation not supported"
<<dead>>	0x00000018	[ 88] _mp_stream_read_obj
<<dead>>	0x00000018	[ 88] _mp_stream_read1_obj
<<dead>>	0x00000018	[ 88] _mp_stream_write_obj
<<dead>>	0x00000010	[ 88] _mp_stream_write1_obj
<<dead>>	0x00000018	[ 88] _mp_stream_readinto_obj
<<dead>>	0x00000018	[ 88] _mp_stream_unbuffered_readline_obj
<<dead>>	0x00000010	[ 88] _mp_stream_unbuffered_readlines_obj
<<dead>>	0x00000010	[ 88] _mp_stream_close_obj
<<dead>>	0x00000018	[ 88] _mp_stream___exit___obj
<<dead>>	0x00000018	[ 88] _mp_stream_seek_obj
<<dead>>	0x00000010	[ 88] _mp_stream_tell_obj
<<dead>>	0x00000010	[ 88] _mp_stream_flush_obj
<<dead>>	0x00000018	[ 88] _mp_stream_ioctl_obj
<<dead>>	0x00000054	[ 89] _mp_binary_get_int
<<dead>>	0x0000015C	[ 89] _mp_binary_get_val
<<dead>>	0x00000150	[ 89] _mp_binary_set_val
<<dead>>	0x00000300	[ 90] _mp_builtin___import___default
<<dead>>	0x000001A0	[ 90] _evaluate_relative_import
<<dead>>	0x00000054	[ 90] _stat_module
<<dead>>	0x00000020	[ 90] _unregister_module_from_nlr_jump_callback
<<dead>>	0x00000038	[ 90] _do_load
<<dead>>	0x00000028	[ 90] _evaluate_relative_import.cold.1
<<dead>>	0x00000018	[ 90] _mp_builtin___import___obj
<<dead>>	0x00000019	[ 90] literal string: "evaluate_relative_import"
<<dead>>	0x00000010	[ 90] literal string: "builtinimport.c"
<<dead>>	0x00000027	[ 90] literal string: "current_module_name_obj != MP_OBJ_NULL"
<<dead>>	0x0000001E	[ 90] literal string: "can't perform relative import"
<<dead>>	0x00000015	[ 90] literal string: "no module named '%q'"
<<dead>>	0x0000000D	[ 90] literal string: "/__init__.py"
<<dead>>	0x00000004	[ 90] literal string: ".py"
<<dead>>	0x00000008	[ 91] _mp_builtin_eval
<<dead>>	0x00000008	[ 91] _mp_builtin_exec
<<dead>>	0x000000E4	[ 91] _eval_exec_helper
<<dead>>	0x00000018	[ 91] _mp_builtin_eval_obj
<<dead>>	0x00000018	[ 91] _mp_builtin_exec_obj
<<dead>>	0x000000F4	[ 92] _mp_builtin___build_class__
<<dead>>	0x0000000C	[ 92] _mp_builtin_abs
<<dead>>	0x0000004C	[ 92] _mp_builtin_all
<<dead>>	0x0000004C	[ 92] _mp_builtin_any
<<dead>>	0x0000005C	[ 92] _mp_builtin_bin
<<dead>>	0x00000024	[ 92] _mp_builtin_callable
<<dead>>	0x00000060	[ 92] _mp_builtin_chr
<<dead>>	0x00000134	[ 92] _mp_builtin_dir
<<dead>>	0x00000010	[ 92] _mp_builtin_divmod
<<dead>>	0x0000000C	[ 92] _mp_builtin_hash
<<dead>>	0x00000010	[ 92] _mp_builtin_hex
<<dead>>	0x00000008	[ 92] _mp_builtin_iter
<<dead>>	0x00000008	[ 92] _mp_builtin_max
<<dead>>	0x00000008	[ 92] _mp_builtin_min
<<dead>>	0x00000010	[ 92] _mp_builtin_oct
<<dead>>	0x000000B4	[ 92] _mp_builtin_ord
<<dead>>	0x00000030	[ 92] _mp_builtin_pow
<<dead>>	0x000000EC	[ 92] _mp_builtin_print
<<dead>>	0x0000004C	[ 92] _mp_builtin___repl_print__
<<dead>>	0x0000004C	[ 92] _mp_builtin_repr
<<dead>>	0x000000AC	[ 92] _mp_builtin_round
<<dead>>	0x00000074	[ 92] _mp_builtin_sum
<<dead>>	0x00000068	[ 92] _mp_builtin_sorted
<<dead>>	0x000000A4	[ 92] _mp_builtin_getattr
<<dead>>	0x0000003C	[ 92] _mp_builtin_setattr
<<dead>>	0x00000038	[ 92] _mp_builtin_delattr
<<dead>>	0x00000080	[ 92] _mp_builtin_hasattr
<<dead>>	0x00000010	[ 92] _mp_builtin_globals
<<dead>>	0x00000010	[ 92] _mp_builtin_locals
<<dead>>	0x0000016C	[ 92] _mp_builtin_min_max
<<dead>>	0x00000028	[ 92] _mp_builtin___build_class__.cold.1
<<dead>>	0x00000028	[ 92] _mp_builtin_dir.cold.1
<<dead>>	0x00000018	[ 92] _mp_builtin___build_class___obj
<<dead>>	0x00000010	[ 92] _mp_builtin_abs_obj
<<dead>>	0x00000010	[ 92] _mp_builtin_all_obj
<<dead>>	0x00000010	[ 92] _mp_builtin_any_obj
<<dead>>	0x00000010	[ 92] _mp_builtin_bin_obj
<<dead>>	0x00000010	[ 92] _mp_builtin_callable_obj
<<dead>>	0x00000010	[ 92] _mp_builtin_chr_obj
<<dead>>	0x00000018	[ 92] _mp_builtin_dir_obj
<<dead>>	0x00000010	[ 92] _mp_builtin_divmod_obj
<<dead>>	0x00000010	[ 92] _mp_builtin_hash_obj
<<dead>>	0x00000010	[ 92] _mp_builtin_hex_obj
<<dead>>	0x00000010	[ 92] _mp_builtin_iter_obj
<<dead>>	0x00000018	[ 92] _mp_builtin_max_obj
<<dead>>	0x00000018	[ 92] _mp_builtin_min_obj
<<dead>>	0x00000010	[ 92] _mp_builtin_oct_obj
<<dead>>	0x00000010	[ 92] _mp_builtin_ord_obj
<<dead>>	0x00000018	[ 92] _mp_builtin_pow_obj
<<dead>>	0x00000018	[ 92] _mp_builtin_print_obj
<<dead>>	0x00000010	[ 92] _mp_builtin___repl_print___obj
<<dead>>	0x00000010	[ 92] _mp_builtin_repr_obj
<<dead>>	0x00000018	[ 92] _mp_builtin_round_obj
<<dead>>	0x00000018	[ 92] _mp_builtin_sum_obj
<<dead>>	0x00000018	[ 92] _mp_builtin_sorted_obj
<<dead>>	0x00000018	[ 92] _mp_builtin_getattr_obj
<<dead>>	0x00000010	[ 92] _mp_builtin_setattr_obj
<<dead>>	0x00000010	[ 92] _mp_builtin_delattr_obj
<<dead>>	0x00000010	[ 92] _mp_builtin_hasattr_obj
<<dead>>	0x00000010	[ 92] _mp_builtin_globals_obj
<<dead>>	0x00000010	[ 92] _mp_builtin_locals_obj
<<dead>>	0x00000010	[ 92] _mp_builtin_id_obj
<<dead>>	0x00000010	[ 92] _mp_builtin_len_obj
<<dead>>	0x000005B0	[ 92] _mp_module_builtins_globals_table
<<dead>>	0x00000020	[ 92] _mp_module_builtins_globals
<<dead>>	0x00000010	[ 92] _mp_module_builtins
<<dead>>	0x0000001B	[ 92] literal string: "mp_builtin___build_class__"
<<dead>>	0x0000000E	[ 92] literal string: "modbuiltins.c"
<<dead>>	0x0000000C	[ 92] literal string: "2 <= n_args"
<<dead>>	0x00000021	[ 92] literal string: "chr() arg not in range(0x110000)"
<<dead>>	0x00000016	[ 92] literal string: "mp_map_slot_is_filled"
<<dead>>	0x00000006	[ 92] literal string: "obj.h"
<<dead>>	0x00000011	[ 92] literal string: "pos < map->alloc"
<<dead>>	0x00000019	[ 92] literal string: "arg is an empty sequence"
<<dead>>	0x0000003A	[ 92] literal string: "ord() expected a character, but string of length %d found"
<<dead>>	0x0000001A	[ 92] literal string: "3-arg pow() not supported"
<<dead>>	0x00000002	[ 92] literal string: "\n"
<<dead>>	0x0000002B	[ 92] literal string: "must use keyword argument for key function"
<<dead>>	0x00000020	[ 92] _mp_builtin_print.allowed_args
<<dead>>	0x00000044	[ 93] _mp_micropython_opt_level
<<dead>>	0x00000018	[ 93] _mp_micropython_heap_lock
<<dead>>	0x00000028	[ 93] _mp_micropython_heap_unlock
<<dead>>	0x00000010	[ 93] _mp_module_micropython
<<dead>>	0x00000050	[ 93] _mp_module_micropython_globals_table
<<dead>>	0x00000020	[ 93] _mp_module_micropython_globals
<<dead>>	0x00000018	[ 93] _mp_micropython_opt_level_obj
<<dead>>	0x00000010	[ 93] _mp_micropython_heap_lock_obj
<<dead>>	0x00000010	[ 93] _mp_micropython_heap_unlock_obj
<<dead>>	0x00000030	[ 94] _struct_calcsize
<<dead>>	0x000001D8	[ 94] _struct_unpack_from
<<dead>>	0x00000080	[ 94] _struct_pack
<<dead>>	0x000000AC	[ 94] _struct_pack_into
<<dead>>	0x00000130	[ 94] _calc_size_items
<<dead>>	0x00000060	[ 94] _get_fmt_num
<<dead>>	0x00000190	[ 94] _struct_pack_into_internal
<<dead>>	0x00000010	[ 94] _struct_calcsize_obj
<<dead>>	0x00000018	[ 94] _struct_unpack_from_obj
<<dead>>	0x00000018	[ 94] _struct_pack_obj
<<dead>>	0x00000018	[ 94] _struct_pack_into_obj
<<dead>>	0x00000010	[ 94] _mp_module_struct
<<dead>>	0x00000060	[ 94] _mp_module_struct_globals_table
<<dead>>	0x00000020	[ 94] _mp_module_struct_globals
<<dead>>	0x00000011	[ 94] literal string: "buffer too small"
<<dead>>	0x0000149C	[ 95] _mp_execute_bytecode
<<dead>>	0x00000028	[ 95] _mp_execute_bytecode.cold.1
<<dead>>	0x00000028	[ 95] _mp_execute_bytecode.cold.2
<<dead>>	0x00000028	[ 95] _mp_execute_bytecode.cold.3
<<dead>>	0x00000028	[ 95] _mp_execute_bytecode.cold.4
<<dead>>	0x00000028	[ 95] _mp_execute_bytecode.cold.5
<<dead>>	0x00000028	[ 95] _mp_execute_bytecode.cold.6
<<dead>>	0x00000028	[ 95] _mp_execute_bytecode.cold.7
<<dead>>	0x00000028	[ 95] _mp_execute_bytecode.cold.8
<<dead>>	0x00000028	[ 95] _mp_execute_bytecode.cold.9
<<dead>>	0x00000028	[ 95] _mp_execute_bytecode.cold.10
<<dead>>	0x00000028	[ 95] _mp_execute_bytecode.cold.11
<<dead>>	0x00000028	[ 95] _mp_execute_bytecode.cold.12
<<dead>>	0x000000B4	[ 95] lJTI0_0
<<dead>>	0x0000002C	[ 95] literal string: "local variable referenced before assignment"
<<dead>>	0x00000014	[ 95] literal string: "mp_execute_bytecode"
<<dead>>	0x00000005	[ 95] literal string: "vm.c"
<<dead>>	0x00000024	[ 95] literal string: "mp_obj_is_exception_instance(TOP())"
<<dead>>	0x00000014	[ 95] literal string: "exc_sp >= exc_stack"
<<dead>>	0x00000029	[ 95] literal string: "&sp[-1] == MP_TAGPTR_PTR(exc_sp->val_sp)"
<<dead>>	0x00000040	[ 95] literal string: "sp[-1] == mp_const_none || mp_obj_is_exception_instance(sp[-1])"
<<dead>>	0x00000018	[ 95] literal string: "exc_sp == exc_stack - 1"
<<dead>>	0x0000001F	[ 95] literal string: "no active exception to reraise"
<<dead>>	0x00000021	[ 95] literal string: "exception chaining not supported"
<<dead>>	0x00000023	[ 95] literal string: "ret_kind == MP_VM_RETURN_EXCEPTION"
<<dead>>	0x0000004C	[ 95] literal string: "!mp_obj_exception_match(ret_value, MP_OBJ_FROM_PTR(&mp_type_StopIteration))"
<<dead>>	0x00000007	[ 95] literal string: "opcode"
<<dead>>	0x00000028	[ 96] _mp_decode_uint
<<dead>>	0x00000020	[ 96] _mp_decode_uint_value
<<dead>>	0x0000000C	[ 96] _mp_decode_uint_skip
<<dead>>	0x00000014	[ 96] _mp_setup_code_state
<<dead>>	0x00000540	[ 96] _mp_setup_code_state_helper
<<dead>>	0x0000002C	[ 96] _mp_setup_code_state_native
<<dead>>	0x00000038	[ 96] _fun_pos_args_mismatch
<<dead>>	0x0000002F	[ 96] literal string: "function got multiple values for argument '%q'"
<<dead>>	0x00000021	[ 96] literal string: "unexpected keyword argument '%q'"
<<dead>>	0x00000032	[ 96] literal string: "function missing required positional argument #%d"
<<dead>>	0x00000030	[ 96] literal string: "function missing required keyword argument '%q'"
<<dead>>	0x00000027	[ 96] literal string: "function missing keyword-only argument"
<<dead>>	0x00000035	[ 96] literal string: "%q() takes %d positional arguments but %d were given"
<<dead>>	0x00000008	[ 98] _mp_import_stat
